Sat Feb  7 02:15:00 MSK 2026: Новых сделок нет
Sat Feb  7 02:30:00 MSK 2026: Новых сделок нет
Sat Feb  7 02:45:00 MSK 2026: Новых сделок нет
Sat Feb  7 03:00:00 MSK 2026: Новых сделок нет
Sat Feb  7 03:15:01 MSK 2026: Новых сделок нет
Sat Feb  7 03:30:01 MSK 2026: Новых сделок нет
Sat Feb  7 03:45:01 MSK 2026: Новых сделок нет
Sat Feb  7 04:00:00 MSK 2026: Новых сделок нет
Sat Feb  7 04:15:00 MSK 2026: Новых сделок нет
Sat Feb  7 04:30:00 MSK 2026: Новых сделок нет
Sat Feb  7 04:45:00 MSK 2026: Новых сделок нет
Sat Feb  7 05:00:00 MSK 2026: Новых сделок нет
Sat Feb  7 05:15:00 MSK 2026: Новых сделок нет
Sat Feb  7 05:30:01 MSK 2026: Новых сделок нет
Sat Feb  7 05:45:01 MSK 2026: Новых сделок нет
Sat Feb  7 06:00:01 MSK 2026: Новых сделок нет
Sat Feb  7 06:15:01 MSK 2026: Новых сделок нет
Sat Feb  7 06:30:01 MSK 2026: Новых сделок нет
Sat Feb  7 06:45:01 MSK 2026: Новых сделок нет
Sat Feb  7 07:00:00 MSK 2026: Новых сделок нет
Sat Feb  7 07:15:01 MSK 2026: Новых сделок нет
Sat Feb  7 07:30:01 MSK 2026: Новых сделок нет
Sat Feb  7 07:45:01 MSK 2026: Новых сделок нет
Sat Feb  7 08:00:01 MSK 2026: Новых сделок нет
Sat Feb  7 08:15:00 MSK 2026: Новых сделок нет
Sat Feb  7 08:30:00 MSK 2026: Новых сделок нет
Sat Feb  7 08:45:01 MSK 2026: Новых сделок нет
Sat Feb  7 09:00:00 MSK 2026: Новых сделок нет
Sat Feb  7 09:15:01 MSK 2026: Новых сделок нет
Sat Feb  7 09:30:00 MSK 2026: Новых сделок нет
Sat Feb  7 09:45:00 MSK 2026: Новых сделок нет
Sat Feb  7 10:00:00 MSK 2026: Новых сделок нет
Sat Feb  7 10:15:01 MSK 2026: Новых сделок нет
Sat Feb  7 10:30:00 MSK 2026: Новых сделок нет
Sat Feb  7 10:45:00 MSK 2026: Новых сделок нет
Sat Feb  7 11:00:00 MSK 2026: Новых сделок нет
Sat Feb  7 11:15:00 MSK 2026: Новых сделок нет
Sat Feb  7 11:30:00 MSK 2026: Новых сделок нет
Sat Feb  7 11:45:01 MSK 2026: Новых сделок нет
Sat Feb  7 12:00:00 MSK 2026: Новых сделок нет
Sat Feb  7 12:15:01 MSK 2026: Новых сделок нет
Sat Feb  7 12:30:00 MSK 2026: Новых сделок нет
Sat Feb  7 12:45:01 MSK 2026: Найдено новых сделок: 1
Отправляю уведомление о сделке #10927: Екатерина Полякова - OnlineTur+
Sat Feb  7 12:45:02 MSK 2026: Обновлён last ID: 10927
Sat Feb  7 13:00:01 MSK 2026: Новых сделок нет
Sat Feb  7 13:15:00 MSK 2026: Новых сделок нет
Sat Feb  7 13:30:01 MSK 2026: Новых сделок нет
Sat Feb  7 13:45:00 MSK 2026: Новых сделок нет
Sat Feb  7 14:00:01 MSK 2026: Новых сделок нет
Sat Feb  7 14:15:01 MSK 2026: Новых сделок нет
Sat Feb  7 14:30:01 MSK 2026: Найдено новых сделок: 1
Отправляю уведомление о сделке #10929: Светлана Смирнова - OnlineTur+
Sat Feb  7 14:30:02 MSK 2026: Обновлён last ID: 10929
Sat Feb  7 14:45:00 MSK 2026: Новых сделок нет
Sat Feb  7 15:00:00 MSK 2026: Новых сделок нет
Sat Feb  7 15:15:01 MSK 2026: Новых сделок нет
Sat Feb  7 15:30:30 MSK 2026: Новых сделок нет
Sat Feb  7 15:45:00 MSK 2026: Новых сделок нет
Sat Feb  7 16:00:00 MSK 2026: Новых сделок нет
Sat Feb  7 16:15:02 MSK 2026: Новых сделок нет
Sat Feb  7 16:30:01 MSK 2026: Новых сделок нет
Sat Feb  7 16:45:01 MSK 2026: Новых сделок нет
Sat Feb  7 17:00:01 MSK 2026: Новых сделок нет
Sat Feb  7 17:15:00 MSK 2026: Найдено новых сделок: 1
Отправляю уведомление о сделке #10931: Марина Гнездилова - OnlineTur+
Sat Feb  7 17:15:01 MSK 2026: Обновлён last ID: 10931
Sat Feb  7 17:30:00 MSK 2026: Новых сделок нет
Sat Feb  7 17:45:01 MSK 2026: Новых сделок нет
Sat Feb  7 18:00:01 MSK 2026: Новых сделок нет
Sat Feb  7 18:15:01 MSK 2026: Новых сделок нет
Sat Feb  7 18:30:00 MSK 2026: Новых сделок нет
Sat Feb  7 18:45:00 MSK 2026: Новых сделок нет
Sat Feb  7 19:00:00 MSK 2026: Новых сделок нет
Sat Feb  7 19:15:00 MSK 2026: Новых сделок нет
Sat Feb  7 19:30:00 MSK 2026: Новых сделок нет
Sat Feb  7 19:45:00 MSK 2026: Новых сделок нет
Sat Feb  7 20:00:00 MSK 2026: Новых сделок нет
Sat Feb  7 20:15:00 MSK 2026: Новых сделок нет
Sat Feb  7 20:30:00 MSK 2026: Новых сделок нет
Sat Feb  7 20:45:01 MSK 2026: Новых сделок нет
Sat Feb  7 21:00:01 MSK 2026: Новых сделок нет
Sat Feb  7 21:15:01 MSK 2026: Новых сделок нет
Sat Feb  7 21:30:00 MSK 2026: Новых сделок нет
Sat Feb  7 21:45:00 MSK 2026: Новых сделок нет
Sat Feb  7 22:00:01 MSK 2026: Новых сделок нет
Sat Feb  7 22:15:01 MSK 2026: Новых сделок нет
Sat Feb  7 22:30:00 MSK 2026: Новых сделок нет
Sun Feb  8 15:15:01 MSK 2026: Найдено новых сделок: 1
Отправляю уведомление о сделке #10933: Ольга - Открытая линия OnlineTurPlus
Sun Feb  8 15:15:02 MSK 2026: Обновлён last ID: 10933
Sun Feb  8 15:30:00 MSK 2026: Новых сделок нет
Sun Feb  8 15:45:00 MSK 2026: Новых сделок нет
Sun Feb  8 16:00:00 MSK 2026: Новых сделок нет
Sun Feb  8 16:15:01 MSK 2026: Новых сделок нет
Sun Feb  8 16:30:00 MSK 2026: Новых сделок нет
Sun Feb  8 16:45:01 MSK 2026: Новых сделок нет
Sun Feb  8 17:00:00 MSK 2026: Новых сделок нет
Sun Feb  8 17:15:00 MSK 2026: Новых сделок нет
Sun Feb  8 17:30:00 MSK 2026: Новых сделок нет
Sun Feb  8 17:45:01 MSK 2026: Найдено новых сделок: 1
Отправляю уведомление о сделке #10935: Татьяна Ковалева - OnlineTur+
Sun Feb  8 17:45:02 MSK 2026: Обновлён last ID: 10935
Sun Feb  8 18:00:00 MSK 2026: Новых сделок нет
Sun Feb  8 18:15:00 MSK 2026: Новых сделок нет
Sun Feb  8 18:30:01 MSK 2026: Новых сделок нет
Sun Feb  8 18:45:00 MSK 2026: Новых сделок нет
Sun Feb  8 19:00:00 MSK 2026: Новых сделок нет
Sun Feb  8 19:15:01 MSK 2026: Новых сделок нет
Sun Feb  8 19:30:01 MSK 2026: Новых сделок нет
Sun Feb  8 19:45:01 MSK 2026: Новых сделок нет
Sun Feb  8 20:00:01 MSK 2026: Новых сделок нет
Sun Feb  8 20:15:01 MSK 2026: Новых сделок нет
Sun Feb  8 20:30:00 MSK 2026: Новых сделок нет
Sun Feb  8 20:45:01 MSK 2026: Новых сделок нет
Sun Feb  8 21:00:00 MSK 2026: Новых сделок нет
Sun Feb  8 21:15:01 MSK 2026: Новых сделок нет
Sun Feb  8 21:30:01 MSK 2026: Найдено новых сделок: 1
Отправляю уведомление о сделке #10937: Диана Сергеева - OnlineTur+
Sun Feb  8 21:30:02 MSK 2026: Обновлён last ID: 10937
Sun Feb  8 21:45:00 MSK 2026: Новых сделок нет
Sun Feb  8 22:00:00 MSK 2026: Найдено новых сделок: 1
Отправляю уведомление о сделке #10939: Дмитрий Бабкин - Открытая линия OnlineTurPlus
Sun Feb  8 22:00:01 MSK 2026: Обновлён last ID: 10939
Sun Feb  8 22:15:00 MSK 2026: Новых сделок нет
Sun Feb  8 22:30:00 MSK 2026: Новых сделок нет
Sun Feb  8 22:45:00 MSK 2026: Новых сделок нет
Sun Feb  8 23:00:01 MSK 2026: Новых сделок нет
Sun Feb  8 23:15:01 MSK 2026: Новых сделок нет
Sun Feb  8 23:30:01 MSK 2026: Новых сделок нет
Sun Feb  8 23:45:01 MSK 2026: Новых сделок нет
Mon Feb  9 00:00:04 MSK 2026: Новых сделок нет
Mon Feb  9 00:15:00 MSK 2026: Новых сделок нет
Mon Feb  9 00:30:01 MSK 2026: Новых сделок нет
Mon Feb  9 00:45:00 MSK 2026: Новых сделок нет
Mon Feb  9 01:00:00 MSK 2026: Новых сделок нет
Mon Feb  9 01:15:00 MSK 2026: Новых сделок нет
Mon Feb  9 01:30:00 MSK 2026: Новых сделок нет
Mon Feb  9 01:45:01 MSK 2026: Новых сделок нет
Mon Feb  9 02:00:01 MSK 2026: Новых сделок нет
Mon Feb  9 02:15:01 MSK 2026: Новых сделок нет
Mon Feb  9 02:30:01 MSK 2026: Новых сделок нет
Mon Feb  9 02:45:16 MSK 2026: Новых сделок нет
Mon Feb  9 03:00:01 MSK 2026: Новых сделок нет
Mon Feb  9 03:15:00 MSK 2026: Новых сделок нет
Mon Feb  9 03:30:01 MSK 2026: Новых сделок нет
Mon Feb  9 03:45:00 MSK 2026: Новых сделок нет
Mon Feb  9 04:00:00 MSK 2026: Новых сделок нет
Mon Feb  9 04:15:01 MSK 2026: Новых сделок нет
Mon Feb  9 04:30:01 MSK 2026: Новых сделок нет
Mon Feb  9 04:45:01 MSK 2026: Новых сделок нет
Mon Feb  9 05:00:01 MSK 2026: Новых сделок нет
Mon Feb  9 05:15:01 MSK 2026: Новых сделок нет
Mon Feb  9 05:30:01 MSK 2026: Новых сделок нет
Mon Feb  9 05:45:01 MSK 2026: Новых сделок нет
Mon Feb  9 06:00:01 MSK 2026: Новых сделок нет
Mon Feb  9 06:15:00 MSK 2026: Новых сделок нет
Mon Feb  9 06:30:00 MSK 2026: Новых сделок нет
Mon Feb  9 06:45:01 MSK 2026: Новых сделок нет
Mon Feb  9 07:00:01 MSK 2026: Новых сделок нет
Mon Feb  9 07:15:01 MSK 2026: Новых сделок нет
Mon Feb  9 07:30:00 MSK 2026: Новых сделок нет
Mon Feb  9 07:45:00 MSK 2026: Новых сделок нет
Mon Feb  9 08:00:00 MSK 2026: Новых сделок нет
Mon Feb  9 08:15:01 MSK 2026: Новых сделок нет
Mon Feb  9 08:30:01 MSK 2026: Новых сделок нет
Mon Feb  9 08:45:00 MSK 2026: Новых сделок нет
Mon Feb  9 09:00:01 MSK 2026: Новых сделок нет
Mon Feb  9 09:15:01 MSK 2026: Новых сделок нет
Mon Feb  9 09:30:00 MSK 2026: Новых сделок нет
Mon Feb  9 09:45:00 MSK 2026: Новых сделок нет
Mon Feb  9 10:00:00 MSK 2026: Новых сделок нет
Mon Feb  9 10:15:01 MSK 2026: Новых сделок нет
Mon Feb  9 10:30:01 MSK 2026: Новых сделок нет
Mon Feb  9 10:45:01 MSK 2026: Новых сделок нет
Mon Feb  9 11:00:00 MSK 2026: Новых сделок нет
Mon Feb  9 11:15:00 MSK 2026: Новых сделок нет
Mon Feb  9 11:30:00 MSK 2026: Новых сделок нет
Mon Feb  9 11:45:00 MSK 2026: Новых сделок нет
Mon Feb  9 12:00:01 MSK 2026: Новых сделок нет
Mon Feb  9 12:15:00 MSK 2026: Новых сделок нет
Mon Feb  9 12:30:01 MSK 2026: Новых сделок нет
Mon Feb  9 12:45:00 MSK 2026: Новых сделок нет
Mon Feb  9 13:00:00 MSK 2026: Новых сделок нет
Mon Feb  9 13:15:00 MSK 2026: Новых сделок нет
Mon Feb  9 13:30:00 MSK 2026: Новых сделок нет
Mon Feb  9 13:45:01 MSK 2026: Найдено новых сделок: 1
Отправляю уведомление о сделке #10941: Татьяна Ковалева - OnlineTur+
Mon Feb  9 13:45:02 MSK 2026: Обновлён last ID: 10941
Mon Feb  9 14:00:01 MSK 2026: Новых сделок нет
Mon Feb  9 14:15:30 MSK 2026: Новых сделок нет
Mon Feb  9 18:00:01 MSK 2026: Найдено новых сделок: 3
Отправляю уведомление о сделке #10943: Дмитрий Качалов - Открытая линия OnlineTurPlus
Отправляю уведомление о сделке #10945: Исходящий вызов 79202669966
Отправляю уведомление о сделке #10947: Исходящий вызов 74952235555
Mon Feb  9 18:00:04 MSK 2026: Обновлён last ID: 10947
Mon Feb  9 18:15:01 MSK 2026: Новых сделок нет
Mon Feb  9 18:30:01 MSK 2026: Новых сделок нет
Mon Feb  9 18:45:00 MSK 2026: Новых сделок нет
Mon Feb  9 19:00:00 MSK 2026: Новых сделок нет
Mon Feb  9 19:15:01 MSK 2026: Новых сделок нет
Mon Feb  9 19:30:01 MSK 2026: Новых сделок нет
Mon Feb  9 19:45:01 MSK 2026: Новых сделок нет
Mon Feb  9 20:00:01 MSK 2026: Новых сделок нет
Mon Feb  9 20:15:01 MSK 2026: Новых сделок нет
Mon Feb  9 20:30:00 MSK 2026: Новых сделок нет
Mon Feb  9 20:45:01 MSK 2026: Новых сделок нет
Mon Feb  9 21:00:01 MSK 2026: Новых сделок нет
Mon Feb  9 21:15:01 MSK 2026: Новых сделок нет
Mon Feb  9 21:30:01 MSK 2026: Новых сделок нет
Mon Feb  9 21:45:01 MSK 2026: Новых сделок нет
Mon Feb  9 22:00:00 MSK 2026: Новых сделок нет
Mon Feb  9 22:15:01 MSK 2026: Новых сделок нет
Mon Feb  9 22:30:01 MSK 2026: Новых сделок нет
Mon Feb  9 22:45:00 MSK 2026: Новых сделок нет
Mon Feb  9 23:00:00 MSK 2026: Новых сделок нет
Mon Feb  9 23:15:00 MSK 2026: Новых сделок нет
Mon Feb  9 23:30:00 MSK 2026: Новых сделок нет
Mon Feb  9 23:45:01 MSK 2026: Новых сделок нет
Tue Feb 10 00:00:17 MSK 2026: Новых сделок нет
Tue Feb 10 00:15:01 MSK 2026: Новых сделок нет
Tue Feb 10 00:30:00 MSK 2026: Новых сделок нет
Tue Feb 10 00:45:00 MSK 2026: Новых сделок нет
Tue Feb 10 01:00:00 MSK 2026: Новых сделок нет
Tue Feb 10 01:15:00 MSK 2026: Новых сделок нет
Tue Feb 10 01:30:00 MSK 2026: Новых сделок нет
Tue Feb 10 01:45:01 MSK 2026: Новых сделок нет
Tue Feb 10 02:00:01 MSK 2026: Новых сделок нет
Tue Feb 10 02:15:00 MSK 2026: Новых сделок нет
Tue Feb 10 02:30:01 MSK 2026: Новых сделок нет
Tue Feb 10 02:45:00 MSK 2026: Новых сделок нет
Tue Feb 10 03:00:00 MSK 2026: Новых сделок нет
Tue Feb 10 03:15:00 MSK 2026: Новых сделок нет
Tue Feb 10 03:30:01 MSK 2026: Новых сделок нет
Tue Feb 10 03:45:01 MSK 2026: Новых сделок нет
Tue Feb 10 04:00:00 MSK 2026: Новых сделок нет
Tue Feb 10 04:15:01 MSK 2026: Новых сделок нет
Tue Feb 10 04:30:00 MSK 2026: Новых сделок нет
Tue Feb 10 04:45:00 MSK 2026: Новых сделок нет
Tue Feb 10 05:00:00 MSK 2026: Новых сделок нет
Tue Feb 10 05:15:01 MSK 2026: Новых сделок нет
Tue Feb 10 05:30:01 MSK 2026: Новых сделок нет
Tue Feb 10 05:45:00 MSK 2026: Новых сделок нет
Tue Feb 10 06:00:01 MSK 2026: Новых сделок нет
Tue Feb 10 06:15:01 MSK 2026: Новых сделок нет
Tue Feb 10 06:30:00 MSK 2026: Новых сделок нет
Tue Feb 10 06:45:00 MSK 2026: Новых сделок нет
Tue Feb 10 07:00:01 MSK 2026: Новых сделок нет
Tue Feb 10 07:15:01 MSK 2026: Новых сделок нет
Tue Feb 10 07:30:01 MSK 2026: Новых сделок нет
Tue Feb 10 07:45:00 MSK 2026: Новых сделок нет
Tue Feb 10 08:00:00 MSK 2026: Новых сделок нет
Tue Feb 10 08:15:01 MSK 2026: Новых сделок нет
Tue Feb 10 08:30:01 MSK 2026: Новых сделок нет
Tue Feb 10 08:45:01 MSK 2026: Новых сделок нет
Tue Feb 10 09:00:00 MSK 2026: Новых сделок нет
Tue Feb 10 09:15:01 MSK 2026: Новых сделок нет
Tue Feb 10 09:30:00 MSK 2026: Новых сделок нет
Tue Feb 10 09:45:01 MSK 2026: Новых сделок нет
Tue Feb 10 10:00:01 MSK 2026: Новых сделок нет
Tue Feb 10 10:15:01 MSK 2026: Новых сделок нет
Tue Feb 10 10:30:01 MSK 2026: Новых сделок нет
Tue Feb 10 10:45:01 MSK 2026: Новых сделок нет
Tue Feb 10 11:00:00 MSK 2026: Новых сделок нет
Tue Feb 10 11:15:01 MSK 2026: Новых сделок нет
Tue Feb 10 11:30:00 MSK 2026: Новых сделок нет
Tue Feb 10 11:45:00 MSK 2026: Новых сделок нет
Tue Feb 10 12:00:01 MSK 2026: Новых сделок нет
Tue Feb 10 12:15:01 MSK 2026: Новых сделок нет
Tue Feb 10 12:30:01 MSK 2026: Новых сделок нет
Tue Feb 10 12:45:01 MSK 2026: Новых сделок нет
Tue Feb 10 13:00:00 MSK 2026: Новых сделок нет
Tue Feb 10 13:15:00 MSK 2026: Новых сделок нет
Tue Feb 10 13:30:00 MSK 2026: Новых сделок нет
Tue Feb 10 13:45:00 MSK 2026: Новых сделок нет
Tue Feb 10 14:00:01 MSK 2026: Новых сделок нет
Tue Feb 10 14:15:00 MSK 2026: Новых сделок нет
Tue Feb 10 14:30:01 MSK 2026: Новых сделок нет
Tue Feb 10 14:45:00 MSK 2026: Новых сделок нет
Tue Feb 10 15:00:04 MSK 2026: Найдено новых сделок: 1
Отправляю уведомление о сделке #10949: Руслан Успенский - OnlineTur+
Tue Feb 10 15:00:06 MSK 2026: Обновлён last ID: 10949
Tue Feb 10 15:15:00 MSK 2026: Новых сделок нет
Tue Feb 10 15:30:01 MSK 2026: Новых сделок нет
Tue Feb 10 15:45:01 MSK 2026: Новых сделок нет
Tue Feb 10 16:00:01 MSK 2026: Новых сделок нет
Tue Feb 10 16:15:01 MSK 2026: Найдено новых сделок: 1
Отправляю уведомление о сделке #10951: Любовь Тихончук - OnlineTur+
Tue Feb 10 16:15:02 MSK 2026: Обновлён last ID: 10951
Tue Feb 10 16:30:00 MSK 2026: Новых сделок нет
Tue Feb 10 16:45:00 MSK 2026: Новых сделок нет
Tue Feb 10 17:00:01 MSK 2026: Новых сделок нет
Tue Feb 10 17:15:01 MSK 2026: Новых сделок нет
Tue Feb 10 17:30:01 MSK 2026: Новых сделок нет
Tue Feb 10 17:45:01 MSK 2026: Новых сделок нет
Tue Feb 10 18:00:01 MSK 2026: Новых сделок нет
Tue Feb 10 18:15:00 MSK 2026: Новых сделок нет
Tue Feb 10 18:30:00 MSK 2026: Новых сделок нет
Tue Feb 10 18:45:01 MSK 2026: Новых сделок нет
Tue Feb 10 19:00:07 MSK 2026: Новых сделок нет
Tue Feb 10 19:15:01 MSK 2026: Новых сделок нет
Tue Feb 10 19:30:08 MSK 2026: Новых сделок нет
Tue Feb 10 19:45:01 MSK 2026: Новых сделок нет
Tue Feb 10 20:00:01 MSK 2026: Новых сделок нет
Tue Feb 10 20:15:01 MSK 2026: Новых сделок нет
Tue Feb 10 20:30:00 MSK 2026: Новых сделок нет
Tue Feb 10 20:45:00 MSK 2026: Новых сделок нет
Tue Feb 10 21:00:01 MSK 2026: Новых сделок нет
Tue Feb 10 21:15:01 MSK 2026: Новых сделок нет
Tue Feb 10 21:30:00 MSK 2026: Новых сделок нет
Tue Feb 10 21:45:01 MSK 2026: Новых сделок нет
Tue Feb 10 22:00:01 MSK 2026: Новых сделок нет
Tue Feb 10 22:15:01 MSK 2026: Найдено новых сделок: 1
Отправляю уведомление о сделке #10953: Марина Гнездилова - OnlineTur+
Tue Feb 10 22:15:02 MSK 2026: Обновлён last ID: 10953
Tue Feb 10 22:30:01 MSK 2026: Новых сделок нет
Tue Feb 10 22:45:01 MSK 2026: Новых сделок нет
Tue Feb 10 23:00:01 MSK 2026: Новых сделок нет
Tue Feb 10 23:15:01 MSK 2026: Новых сделок нет
Tue Feb 10 23:30:00 MSK 2026: Новых сделок нет
Tue Feb 10 23:45:00 MSK 2026: Новых сделок нет
Wed Feb 11 00:00:04 MSK 2026: Новых сделок нет
Wed Feb 11 00:15:00 MSK 2026: Новых сделок нет
Wed Feb 11 00:30:00 MSK 2026: Новых сделок нет
Wed Feb 11 00:45:01 MSK 2026: Новых сделок нет
Wed Feb 11 01:00:01 MSK 2026: Новых сделок нет
Wed Feb 11 01:15:01 MSK 2026: Новых сделок нет
Wed Feb 11 01:30:00 MSK 2026: Новых сделок нет
Wed Feb 11 01:45:01 MSK 2026: Новых сделок нет
Wed Feb 11 02:00:01 MSK 2026: Новых сделок нет
Wed Feb 11 02:15:00 MSK 2026: Новых сделок нет
Wed Feb 11 02:30:00 MSK 2026: Новых сделок нет
Wed Feb 11 02:45:00 MSK 2026: Новых сделок нет
Wed Feb 11 03:00:01 MSK 2026: Новых сделок нет
Wed Feb 11 03:15:01 MSK 2026: Новых сделок нет
Wed Feb 11 03:30:01 MSK 2026: Новых сделок нет
Wed Feb 11 03:45:01 MSK 2026: Новых сделок нет
Wed Feb 11 04:00:00 MSK 2026: Новых сделок нет
Wed Feb 11 04:15:01 MSK 2026: Новых сделок нет
Wed Feb 11 04:30:01 MSK 2026: Новых сделок нет
Wed Feb 11 04:45:00 MSK 2026: Новых сделок нет
Wed Feb 11 05:00:01 MSK 2026: Новых сделок нет
Wed Feb 11 05:15:00 MSK 2026: Новых сделок нет
Wed Feb 11 05:30:00 MSK 2026: Новых сделок нет
Wed Feb 11 05:45:01 MSK 2026: Новых сделок нет
Wed Feb 11 06:00:01 MSK 2026: Новых сделок нет
Wed Feb 11 06:15:01 MSK 2026: Новых сделок нет
Wed Feb 11 06:30:00 MSK 2026: Новых сделок нет
Wed Feb 11 06:45:00 MSK 2026: Новых сделок нет
Wed Feb 11 07:00:01 MSK 2026: Новых сделок нет
Wed Feb 11 07:15:00 MSK 2026: Новых сделок нет
Wed Feb 11 07:30:00 MSK 2026: Новых сделок нет
Wed Feb 11 07:45:01 MSK 2026: Новых сделок нет
Wed Feb 11 08:00:00 MSK 2026: Новых сделок нет
Wed Feb 11 08:15:00 MSK 2026: Новых сделок нет
Wed Feb 11 08:30:01 MSK 2026: Новых сделок нет
Wed Feb 11 08:45:00 MSK 2026: Новых сделок нет
Wed Feb 11 09:00:01 MSK 2026: Новых сделок нет
Wed Feb 11 09:15:00 MSK 2026: Новых сделок нет
Wed Feb 11 09:30:00 MSK 2026: Новых сделок нет
Wed Feb 11 09:45:19 MSK 2026: Новых сделок нет
Wed Feb 11 10:00:00 MSK 2026: Новых сделок нет
Wed Feb 11 10:15:01 MSK 2026: Новых сделок нет
Wed Feb 11 10:30:01 MSK 2026: Новых сделок нет
Wed Feb 11 10:45:00 MSK 2026: Новых сделок нет
Wed Feb 11 11:00:01 MSK 2026: Новых сделок нет
Wed Feb 11 11:15:01 MSK 2026: Новых сделок нет
Wed Feb 11 11:30:01 MSK 2026: Новых сделок нет
Wed Feb 11 11:45:00 MSK 2026: Новых сделок нет
Wed Feb 11 12:00:01 MSK 2026: Новых сделок нет
Wed Feb 11 12:15:01 MSK 2026: Новых сделок нет
Wed Feb 11 12:30:01 MSK 2026: Новых сделок нет
Wed Feb 11 12:45:01 MSK 2026: Новых сделок нет
Wed Feb 11 13:00:00 MSK 2026: Новых сделок нет
Wed Feb 11 13:15:00 MSK 2026: Новых сделок нет
Wed Feb 11 13:30:00 MSK 2026: Новых сделок нет
Wed Feb 11 13:45:00 MSK 2026: Новых сделок нет
Wed Feb 11 14:00:01 MSK 2026: Новых сделок нет
Wed Feb 11 14:15:00 MSK 2026: Новых сделок нет
Wed Feb 11 14:30:00 MSK 2026: Новых сделок нет
Wed Feb 11 14:45:00 MSK 2026: Новых сделок нет
Wed Feb 11 15:00:01 MSK 2026: Новых сделок нет
Wed Feb 11 15:15:00 MSK 2026: Новых сделок нет
Wed Feb 11 15:30:00 MSK 2026: Новых сделок нет
Wed Feb 11 15:45:00 MSK 2026: Новых сделок нет
Wed Feb 11 16:00:00 MSK 2026: Новых сделок нет
Wed Feb 11 16:15:09 MSK 2026: Новых сделок нет
Wed Feb 11 16:30:00 MSK 2026: Новых сделок нет
Wed Feb 11 16:45:00 MSK 2026: Новых сделок нет
Wed Feb 11 17:00:01 MSK 2026: Новых сделок нет
Wed Feb 11 17:15:00 MSK 2026: Новых сделок нет
Wed Feb 11 17:30:00 MSK 2026: Новых сделок нет
Wed Feb 11 17:45:00 MSK 2026: Новых сделок нет
Wed Feb 11 18:00:00 MSK 2026: Новых сделок нет
Wed Feb 11 18:15:02 MSK 2026: Новых сделок нет
Wed Feb 11 18:30:00 MSK 2026: Новых сделок нет
Wed Feb 11 18:45:01 MSK 2026: Новых сделок нет
Wed Feb 11 19:00:01 MSK 2026: Новых сделок нет
Wed Feb 11 19:15:00 MSK 2026: Новых сделок нет
Wed Feb 11 19:30:06 MSK 2026: Новых сделок нет
Wed Feb 11 19:45:00 MSK 2026: Новых сделок нет
Wed Feb 11 20:00:00 MSK 2026: Новых сделок нет
Wed Feb 11 20:15:01 MSK 2026: Новых сделок нет
Wed Feb 11 20:30:01 MSK 2026: Новых сделок нет
Wed Feb 11 20:45:01 MSK 2026: Новых сделок нет
Wed Feb 11 21:00:01 MSK 2026: Новых сделок нет
Wed Feb 11 21:15:01 MSK 2026: Новых сделок нет
Wed Feb 11 21:30:00 MSK 2026: Новых сделок нет
Wed Feb 11 21:45:00 MSK 2026: Новых сделок нет
Wed Feb 11 22:00:00 MSK 2026: Новых сделок нет
Wed Feb 11 22:15:00 MSK 2026: Новых сделок нет
Wed Feb 11 22:30:01 MSK 2026: Новых сделок нет
Wed Feb 11 22:45:01 MSK 2026: Новых сделок нет
Wed Feb 11 23:00:00 MSK 2026: Новых сделок нет
Wed Feb 11 23:15:00 MSK 2026: Новых сделок нет
Wed Feb 11 23:30:01 MSK 2026: Новых сделок нет
Wed Feb 11 23:45:00 MSK 2026: Новых сделок нет
Thu Feb 12 00:00:01 MSK 2026: Новых сделок нет
Thu Feb 12 00:15:01 MSK 2026: Новых сделок нет
Thu Feb 12 00:30:01 MSK 2026: Новых сделок нет
Thu Feb 12 00:45:01 MSK 2026: Новых сделок нет
Thu Feb 12 01:00:01 MSK 2026: Новых сделок нет
Thu Feb 12 01:15:01 MSK 2026: Новых сделок нет
Thu Feb 12 01:30:01 MSK 2026: Новых сделок нет
Thu Feb 12 01:45:01 MSK 2026: Новых сделок нет
Thu Feb 12 02:00:00 MSK 2026: Новых сделок нет
Thu Feb 12 02:15:00 MSK 2026: Новых сделок нет
Thu Feb 12 02:30:00 MSK 2026: Новых сделок нет
Thu Feb 12 02:45:00 MSK 2026: Новых сделок нет
Thu Feb 12 03:00:00 MSK 2026: Новых сделок нет
Thu Feb 12 03:15:01 MSK 2026: Новых сделок нет
Thu Feb 12 03:30:00 MSK 2026: Новых сделок нет
Thu Feb 12 03:45:00 MSK 2026: Новых сделок нет
Thu Feb 12 04:00:01 MSK 2026: Новых сделок нет
Thu Feb 12 04:15:01 MSK 2026: Новых сделок нет
Thu Feb 12 04:30:01 MSK 2026: Новых сделок нет
Thu Feb 12 04:45:01 MSK 2026: Новых сделок нет
Thu Feb 12 05:00:01 MSK 2026: Новых сделок нет
Thu Feb 12 05:15:01 MSK 2026: Новых сделок нет
Thu Feb 12 05:30:01 MSK 2026: Новых сделок нет
Thu Feb 12 05:45:01 MSK 2026: Новых сделок нет
Thu Feb 12 06:00:00 MSK 2026: Новых сделок нет
Thu Feb 12 06:15:00 MSK 2026: Новых сделок нет
Thu Feb 12 06:30:00 MSK 2026: Новых сделок нет
Thu Feb 12 06:45:00 MSK 2026: Новых сделок нет
Thu Feb 12 07:00:00 MSK 2026: Новых сделок нет
Thu Feb 12 07:15:01 MSK 2026: Новых сделок нет
Thu Feb 12 07:30:01 MSK 2026: Новых сделок нет
Thu Feb 12 07:45:01 MSK 2026: Новых сделок нет
Thu Feb 12 08:00:01 MSK 2026: Новых сделок нет
Thu Feb 12 08:15:00 MSK 2026: Новых сделок нет
Thu Feb 12 08:30:00 MSK 2026: Новых сделок нет
Thu Feb 12 08:45:01 MSK 2026: Новых сделок нет
Thu Feb 12 09:00:01 MSK 2026: Новых сделок нет
Thu Feb 12 09:15:01 MSK 2026: Новых сделок нет
Thu Feb 12 09:30:01 MSK 2026: Новых сделок нет
Thu Feb 12 09:45:01 MSK 2026: Новых сделок нет
Thu Feb 12 10:00:01 MSK 2026: Новых сделок нет
Thu Feb 12 10:15:01 MSK 2026: Новых сделок нет
Thu Feb 12 10:30:01 MSK 2026: Новых сделок нет
Thu Feb 12 10:45:01 MSK 2026: Новых сделок нет
Thu Feb 12 11:00:01 MSK 2026: Новых сделок нет
Thu Feb 12 11:15:01 MSK 2026: Новых сделок нет
Thu Feb 12 11:30:01 MSK 2026: Найдено новых сделок: 1
Отправляю уведомление о сделке #10955: Ирина Демченко - OnlineTur+
Thu Feb 12 11:30:02 MSK 2026: Обновлён last ID: 10955
Thu Feb 12 11:45:01 MSK 2026: Новых сделок нет
Thu Feb 12 12:00:00 MSK 2026: Новых сделок нет
Thu Feb 12 12:15:00 MSK 2026: Новых сделок нет
Thu Feb 12 12:30:01 MSK 2026: Новых сделок нет
Thu Feb 12 12:45:00 MSK 2026: Новых сделок нет
Thu Feb 12 13:00:00 MSK 2026: Новых сделок нет
Thu Feb 12 13:15:01 MSK 2026: Новых сделок нет
Thu Feb 12 13:30:00 MSK 2026: Новых сделок нет
Thu Feb 12 13:45:00 MSK 2026: Новых сделок нет
Thu Feb 12 14:00:01 MSK 2026: Новых сделок нет
Thu Feb 12 14:15:00 MSK 2026: Новых сделок нет
Thu Feb 12 14:30:01 MSK 2026: Новых сделок нет
Thu Feb 12 14:45:00 MSK 2026: Новых сделок нет
Thu Feb 12 15:00:00 MSK 2026: Новых сделок нет
Thu Feb 12 15:15:00 MSK 2026: Новых сделок нет
Thu Feb 12 15:30:01 MSK 2026: Новых сделок нет
Thu Feb 12 15:45:01 MSK 2026: Новых сделок нет
Thu Feb 12 16:00:04 MSK 2026: Новых сделок нет
Thu Feb 12 16:15:01 MSK 2026: Новых сделок нет
Thu Feb 12 16:30:01 MSK 2026: Новых сделок нет
Thu Feb 12 16:45:00 MSK 2026: Новых сделок нет
Thu Feb 12 17:00:00 MSK 2026: Новых сделок нет
Thu Feb 12 17:15:00 MSK 2026: Найдено новых сделок: 1
Отправляю уведомление о сделке #10957: Ирина Хуторянец - OnlineTur+
Thu Feb 12 17:15:01 MSK 2026: Обновлён last ID: 10957
Thu Feb 12 17:30:00 MSK 2026: Новых сделок нет
Thu Feb 12 17:45:00 MSK 2026: Новых сделок нет
Thu Feb 12 18:00:00 MSK 2026: Новых сделок нет
Thu Feb 12 18:15:01 MSK 2026: Новых сделок нет
Thu Feb 12 18:30:01 MSK 2026: Новых сделок нет
Thu Feb 12 18:45:00 MSK 2026: Новых сделок нет
Thu Feb 12 19:00:01 MSK 2026: Новых сделок нет
Thu Feb 12 19:15:00 MSK 2026: Новых сделок нет
Thu Feb 12 19:30:00 MSK 2026: Новых сделок нет
Thu Feb 12 19:45:01 MSK 2026: Новых сделок нет
Thu Feb 12 20:00:01 MSK 2026: Новых сделок нет
Thu Feb 12 20:15:01 MSK 2026: Новых сделок нет
Thu Feb 12 20:30:01 MSK 2026: Новых сделок нет
Thu Feb 12 20:45:01 MSK 2026: Новых сделок нет
Thu Feb 12 21:00:00 MSK 2026: Новых сделок нет
Thu Feb 12 21:15:00 MSK 2026: Новых сделок нет
Thu Feb 12 21:30:00 MSK 2026: Новых сделок нет
Thu Feb 12 21:45:01 MSK 2026: Новых сделок нет
Thu Feb 12 22:00:01 MSK 2026: Найдено новых сделок: 1
Отправляю уведомление о сделке #10959: Татьяна Ковалева - OnlineTur+
Thu Feb 12 22:00:02 MSK 2026: Обновлён last ID: 10959
Thu Feb 12 22:15:01 MSK 2026: Новых сделок нет
Thu Feb 12 22:30:01 MSK 2026: Новых сделок нет
Thu Feb 12 22:45:00 MSK 2026: Новых сделок нет
Thu Feb 12 23:00:02 MSK 2026: Новых сделок нет
Thu Feb 12 23:15:01 MSK 2026: Новых сделок нет
Thu Feb 12 23:30:01 MSK 2026: Новых сделок нет
Thu Feb 12 23:45:01 MSK 2026: Новых сделок нет
Fri Feb 13 00:00:09 MSK 2026: Новых сделок нет
Fri Feb 13 00:15:01 MSK 2026: Новых сделок нет
Fri Feb 13 00:30:01 MSK 2026: Новых сделок нет
Fri Feb 13 00:45:00 MSK 2026: Новых сделок нет
Fri Feb 13 01:00:00 MSK 2026: Новых сделок нет
Fri Feb 13 01:15:00 MSK 2026: Новых сделок нет
Fri Feb 13 01:30:00 MSK 2026: Новых сделок нет
Fri Feb 13 01:45:01 MSK 2026: Новых сделок нет
Fri Feb 13 02:00:01 MSK 2026: Новых сделок нет
Fri Feb 13 02:15:00 MSK 2026: Новых сделок нет
Fri Feb 13 02:30:00 MSK 2026: Новых сделок нет
Fri Feb 13 02:45:00 MSK 2026: Новых сделок нет
Fri Feb 13 03:00:01 MSK 2026: Новых сделок нет
Fri Feb 13 03:15:00 MSK 2026: Новых сделок нет
Fri Feb 13 03:30:00 MSK 2026: Новых сделок нет
Fri Feb 13 03:45:00 MSK 2026: Новых сделок нет
Fri Feb 13 04:00:00 MSK 2026: Новых сделок нет
Fri Feb 13 04:15:01 MSK 2026: Новых сделок нет
Fri Feb 13 04:30:01 MSK 2026: Новых сделок нет
Fri Feb 13 04:45:00 MSK 2026: Новых сделок нет
Fri Feb 13 05:00:00 MSK 2026: Новых сделок нет
Fri Feb 13 05:15:00 MSK 2026: Новых сделок нет
Fri Feb 13 05:30:00 MSK 2026: Новых сделок нет
Fri Feb 13 05:45:00 MSK 2026: Новых сделок нет
Fri Feb 13 06:00:00 MSK 2026: Новых сделок нет
Fri Feb 13 06:15:00 MSK 2026: Новых сделок нет
Fri Feb 13 06:30:00 MSK 2026: Новых сделок нет
Fri Feb 13 06:45:00 MSK 2026: Новых сделок нет
Fri Feb 13 07:00:00 MSK 2026: Новых сделок нет
Fri Feb 13 07:15:00 MSK 2026: Новых сделок нет
Fri Feb 13 07:30:01 MSK 2026: Новых сделок нет
Fri Feb 13 07:45:01 MSK 2026: Новых сделок нет
Fri Feb 13 08:00:00 MSK 2026: Новых сделок нет
Fri Feb 13 08:15:01 MSK 2026: Новых сделок нет
Fri Feb 13 08:30:00 MSK 2026: Новых сделок нет
Fri Feb 13 08:45:01 MSK 2026: Новых сделок нет
Fri Feb 13 09:00:01 MSK 2026: Новых сделок нет
Fri Feb 13 09:15:00 MSK 2026: Новых сделок нет
Fri Feb 13 09:30:00 MSK 2026: Новых сделок нет
Fri Feb 13 09:45:00 MSK 2026: Новых сделок нет
Fri Feb 13 10:00:00 MSK 2026: Новых сделок нет
Fri Feb 13 10:15:01 MSK 2026: Новых сделок нет
Fri Feb 13 10:30:00 MSK 2026: Новых сделок нет
Fri Feb 13 10:45:00 MSK 2026: Новых сделок нет
Fri Feb 13 11:00:00 MSK 2026: Новых сделок нет
Fri Feb 13 11:15:00 MSK 2026: Новых сделок нет
Fri Feb 13 11:30:00 MSK 2026: Новых сделок нет
Fri Feb 13 11:45:00 MSK 2026: Новых сделок нет
Fri Feb 13 12:00:01 MSK 2026: Новых сделок нет
Fri Feb 13 12:15:00 MSK 2026: Новых сделок нет
Fri Feb 13 12:30:00 MSK 2026: Новых сделок нет
Fri Feb 13 12:45:01 MSK 2026: Новых сделок нет
Fri Feb 13 13:00:02 MSK 2026: Новых сделок нет
Fri Feb 13 13:15:00 MSK 2026: Новых сделок нет
Fri Feb 13 13:30:01 MSK 2026: Новых сделок нет
Fri Feb 13 13:45:01 MSK 2026: Новых сделок нет
Fri Feb 13 14:00:01 MSK 2026: Новых сделок нет
Fri Feb 13 14:15:00 MSK 2026: Найдено новых сделок: 1
Отправляю уведомление о сделке #10961: Татьяна Полякова - OnlineTur+
Fri Feb 13 14:15:01 MSK 2026: Обновлён last ID: 10961
Fri Feb 13 14:30:00 MSK 2026: Новых сделок нет
Fri Feb 13 14:45:00 MSK 2026: Новых сделок нет
Fri Feb 13 15:00:01 MSK 2026: Новых сделок нет
Fri Feb 13 15:15:00 MSK 2026: Новых сделок нет
Fri Feb 13 15:30:00 MSK 2026: Новых сделок нет
Fri Feb 13 15:45:00 MSK 2026: Новых сделок нет
Fri Feb 13 16:00:00 MSK 2026: Новых сделок нет
Fri Feb 13 16:15:00 MSK 2026: Новых сделок нет
Fri Feb 13 16:30:00 MSK 2026: Новых сделок нет
Fri Feb 13 16:45:01 MSK 2026: Новых сделок нет
Fri Feb 13 17:00:01 MSK 2026: Новых сделок нет
Fri Feb 13 17:15:00 MSK 2026: Новых сделок нет
Fri Feb 13 17:30:00 MSK 2026: Новых сделок нет
Fri Feb 13 17:45:00 MSK 2026: Новых сделок нет
Fri Feb 13 18:00:01 MSK 2026: Новых сделок нет
Fri Feb 13 18:15:01 MSK 2026: Новых сделок нет
Fri Feb 13 18:30:00 MSK 2026: Новых сделок нет
Fri Feb 13 18:45:00 MSK 2026: Новых сделок нет
Fri Feb 13 19:00:00 MSK 2026: Новых сделок нет
Fri Feb 13 19:15:01 MSK 2026: Новых сделок нет
Fri Feb 13 19:30:01 MSK 2026: Новых сделок нет
Fri Feb 13 19:45:00 MSK 2026: Новых сделок нет
Fri Feb 13 20:00:05 MSK 2026: Новых сделок нет
Fri Feb 13 20:15:30 MSK 2026: Новых сделок нет
Fri Feb 13 20:30:00 MSK 2026: Новых сделок нет
Fri Feb 13 20:45:00 MSK 2026: Новых сделок нет
Fri Feb 13 21:00:00 MSK 2026: Новых сделок нет
Fri Feb 13 21:15:00 MSK 2026: Новых сделок нет
Fri Feb 13 21:30:00 MSK 2026: Новых сделок нет
Fri Feb 13 21:45:01 MSK 2026: Новых сделок нет
Fri Feb 13 22:00:01 MSK 2026: Новых сделок нет
Fri Feb 13 22:15:00 MSK 2026: Новых сделок нет
Fri Feb 13 22:30:01 MSK 2026: Новых сделок нет
Fri Feb 13 22:45:00 MSK 2026: Новых сделок нет
Fri Feb 13 23:00:01 MSK 2026: Новых сделок нет
Fri Feb 13 23:15:00 MSK 2026: Новых сделок нет
Fri Feb 13 23:30:00 MSK 2026: Новых сделок нет
Fri Feb 13 23:45:00 MSK 2026: Новых сделок нет
Sat Feb 14 00:00:04 MSK 2026: Новых сделок нет
Sat Feb 14 00:15:01 MSK 2026: Новых сделок нет
Sat Feb 14 00:30:00 MSK 2026: Новых сделок нет
Sat Feb 14 00:45:00 MSK 2026: Новых сделок нет
Sat Feb 14 01:00:01 MSK 2026: Новых сделок нет
Sat Feb 14 01:15:01 MSK 2026: Новых сделок нет
Sat Feb 14 01:30:00 MSK 2026: Новых сделок нет
Sat Feb 14 01:45:00 MSK 2026: Новых сделок нет
Sat Feb 14 02:00:00 MSK 2026: Новых сделок нет
Sat Feb 14 02:15:01 MSK 2026: Новых сделок нет
Sat Feb 14 02:30:01 MSK 2026: Новых сделок нет
Sat Feb 14 02:45:00 MSK 2026: Новых сделок нет
Sat Feb 14 03:00:00 MSK 2026: Новых сделок нет
Sat Feb 14 03:15:01 MSK 2026: Новых сделок нет
Sat Feb 14 03:30:00 MSK 2026: Новых сделок нет
Sat Feb 14 03:45:01 MSK 2026: Новых сделок нет
Sat Feb 14 04:00:01 MSK 2026: Новых сделок нет
Sat Feb 14 04:15:00 MSK 2026: Новых сделок нет
Sat Feb 14 04:30:00 MSK 2026: Новых сделок нет
Sat Feb 14 04:45:00 MSK 2026: Новых сделок нет
Sat Feb 14 05:00:00 MSK 2026: Новых сделок нет
Sat Feb 14 05:15:00 MSK 2026: Новых сделок нет
Sat Feb 14 05:30:01 MSK 2026: Новых сделок нет
Sat Feb 14 05:45:00 MSK 2026: Новых сделок нет
Sat Feb 14 06:00:01 MSK 2026: Новых сделок нет
Sat Feb 14 06:15:00 MSK 2026: Новых сделок нет
Sat Feb 14 06:30:00 MSK 2026: Новых сделок нет
Sat Feb 14 06:45:01 MSK 2026: Новых сделок нет
Sat Feb 14 07:00:01 MSK 2026: Новых сделок нет
Sat Feb 14 07:15:01 MSK 2026: Новых сделок нет
Sat Feb 14 07:30:01 MSK 2026: Новых сделок нет
Sat Feb 14 07:45:00 MSK 2026: Новых сделок нет
Sat Feb 14 08:00:01 MSK 2026: Новых сделок нет
Sat Feb 14 08:15:00 MSK 2026: Новых сделок нет
Sat Feb 14 08:30:00 MSK 2026: Новых сделок нет
Sat Feb 14 08:45:01 MSK 2026: Новых сделок нет
Sat Feb 14 09:00:00 MSK 2026: Новых сделок нет
Sat Feb 14 09:15:00 MSK 2026: Новых сделок нет
Sat Feb 14 09:30:00 MSK 2026: Новых сделок нет
Sat Feb 14 09:45:00 MSK 2026: Новых сделок нет
Sat Feb 14 10:00:01 MSK 2026: Новых сделок нет
Sat Feb 14 10:15:00 MSK 2026: Новых сделок нет
Sat Feb 14 10:30:00 MSK 2026: Новых сделок нет
Sat Feb 14 10:45:00 MSK 2026: Новых сделок нет
Sat Feb 14 11:00:00 MSK 2026: Новых сделок нет
Sat Feb 14 11:15:00 MSK 2026: Новых сделок нет
Sat Feb 14 11:30:00 MSK 2026: Новых сделок нет
Sat Feb 14 11:45:01 MSK 2026: Новых сделок нет
Sat Feb 14 12:00:01 MSK 2026: Найдено новых сделок: 1
Отправляю уведомление о сделке #10963: Екатерина Абумова - Открытая линия OnlineTurPlus
Sat Feb 14 12:00:02 MSK 2026: Обновлён last ID: 10963
Sat Feb 14 12:15:01 MSK 2026: Новых сделок нет
Sat Feb 14 12:30:01 MSK 2026: Новых сделок нет
Sat Feb 14 12:45:01 MSK 2026: Новых сделок нет
Sat Feb 14 13:00:01 MSK 2026: Новых сделок нет
Sat Feb 14 13:15:00 MSK 2026: Новых сделок нет
Sat Feb 14 13:30:00 MSK 2026: Новых сделок нет
Sat Feb 14 13:45:00 MSK 2026: Новых сделок нет
Sat Feb 14 14:00:00 MSK 2026: Новых сделок нет
Sat Feb 14 14:15:00 MSK 2026: Новых сделок нет
Sat Feb 14 14:30:00 MSK 2026: Новых сделок нет
Sat Feb 14 14:45:00 MSK 2026: Новых сделок нет
Sat Feb 14 15:00:00 MSK 2026: Новых сделок нет
Sat Feb 14 15:15:00 MSK 2026: Новых сделок нет
Sat Feb 14 15:30:00 MSK 2026: Новых сделок нет
Sat Feb 14 15:45:01 MSK 2026: Новых сделок нет
Sat Feb 14 16:00:00 MSK 2026: Найдено новых сделок: 1
Отправляю уведомление о сделке #10965: Исходящий вызов 79081248824
Sat Feb 14 16:00:01 MSK 2026: Обновлён last ID: 10965
Sat Feb 14 16:15:01 MSK 2026: Новых сделок нет
Sat Feb 14 16:30:01 MSK 2026: Новых сделок нет
Sat Feb 14 16:45:00 MSK 2026: Новых сделок нет
Sat Feb 14 17:00:00 MSK 2026: Новых сделок нет
Sat Feb 14 17:15:00 MSK 2026: Найдено новых сделок: 1
Отправляю уведомление о сделке #10967: Александр Онучко - Открытая линия OnlineTurPlus
Sat Feb 14 17:15:01 MSK 2026: Обновлён last ID: 10967
Sat Feb 14 17:30:00 MSK 2026: Новых сделок нет
Sat Feb 14 17:45:00 MSK 2026: Новых сделок нет
Sat Feb 14 18:00:00 MSK 2026: Найдено новых сделок: 1
Отправляю уведомление о сделке #10969: Пропущенный исходящий вызов 79807917777
Sat Feb 14 18:00:01 MSK 2026: Обновлён last ID: 10969
Sat Feb 14 18:15:01 MSK 2026: Новых сделок нет
Sat Feb 14 18:30:00 MSK 2026: Новых сделок нет
Sat Feb 14 18:45:00 MSK 2026: Новых сделок нет
Sat Feb 14 19:00:01 MSK 2026: Новых сделок нет
Sat Feb 14 19:15:00 MSK 2026: Новых сделок нет
Sat Feb 14 19:30:01 MSK 2026: Новых сделок нет
Sat Feb 14 19:45:01 MSK 2026: Новых сделок нет
Sat Feb 14 20:00:00 MSK 2026: Новых сделок нет
Sat Feb 14 20:15:00 MSK 2026: Новых сделок нет
Sat Feb 14 20:30:01 MSK 2026: Новых сделок нет
Sat Feb 14 20:45:01 MSK 2026: Новых сделок нет
Sat Feb 14 21:00:01 MSK 2026: Найдено новых сделок: 1
Отправляю уведомление о сделке #10971: Елена Чуйкова - OnlineTur+
Sat Feb 14 21:00:02 MSK 2026: Обновлён last ID: 10971
Sat Feb 14 21:15:01 MSK 2026: Новых сделок нет
Sat Feb 14 21:30:01 MSK 2026: Новых сделок нет
Sat Feb 14 21:45:00 MSK 2026: Новых сделок нет
Sat Feb 14 22:00:00 MSK 2026: Новых сделок нет
Sat Feb 14 22:15:00 MSK 2026: Новых сделок нет
Sat Feb 14 22:30:00 MSK 2026: Новых сделок нет
Sat Feb 14 22:45:00 MSK 2026: Новых сделок нет
Sat Feb 14 23:00:01 MSK 2026: Новых сделок нет
Sat Feb 14 23:15:00 MSK 2026: Новых сделок нет
Sat Feb 14 23:30:00 MSK 2026: Новых сделок нет
Sat Feb 14 23:45:00 MSK 2026: Новых сделок нет
Sun Feb 15 00:00:03 MSK 2026: Новых сделок нет
Sun Feb 15 00:15:01 MSK 2026: Новых сделок нет
Sun Feb 15 00:30:01 MSK 2026: Новых сделок нет
Sun Feb 15 00:45:01 MSK 2026: Новых сделок нет
Sun Feb 15 01:00:01 MSK 2026: Новых сделок нет
Sun Feb 15 01:15:01 MSK 2026: Новых сделок нет
Sun Feb 15 01:30:00 MSK 2026: Новых сделок нет
Sun Feb 15 01:45:00 MSK 2026: Новых сделок нет
Sun Feb 15 02:00:00 MSK 2026: Новых сделок нет
Sun Feb 15 02:15:01 MSK 2026: Новых сделок нет
Sun Feb 15 02:30:00 MSK 2026: Новых сделок нет
Sun Feb 15 02:45:01 MSK 2026: Новых сделок нет
Sun Feb 15 03:00:00 MSK 2026: Новых сделок нет
Sun Feb 15 03:15:00 MSK 2026: Новых сделок нет
Sun Feb 15 03:30:00 MSK 2026: Новых сделок нет
Sun Feb 15 03:45:00 MSK 2026: Новых сделок нет
Sun Feb 15 04:00:01 MSK 2026: Новых сделок нет
Sun Feb 15 04:15:00 MSK 2026: Новых сделок нет
Sun Feb 15 04:30:01 MSK 2026: Новых сделок нет
Sun Feb 15 04:45:00 MSK 2026: Новых сделок нет
Sun Feb 15 05:00:00 MSK 2026: Новых сделок нет
Sun Feb 15 05:15:00 MSK 2026: Новых сделок нет
Sun Feb 15 05:30:01 MSK 2026: Новых сделок нет
Sun Feb 15 05:45:01 MSK 2026: Новых сделок нет
Sun Feb 15 06:00:01 MSK 2026: Новых сделок нет
Sun Feb 15 06:15:01 MSK 2026: Новых сделок нет
Sun Feb 15 06:30:01 MSK 2026: Новых сделок нет
Sun Feb 15 06:45:00 MSK 2026: Новых сделок нет
Sun Feb 15 07:00:00 MSK 2026: Новых сделок нет
Sun Feb 15 07:15:00 MSK 2026: Новых сделок нет
Sun Feb 15 07:30:00 MSK 2026: Новых сделок нет
Sun Feb 15 07:45:01 MSK 2026: Новых сделок нет
Sun Feb 15 08:00:01 MSK 2026: Новых сделок нет
Sun Feb 15 08:15:01 MSK 2026: Новых сделок нет
Sun Feb 15 08:30:01 MSK 2026: Новых сделок нет
Sun Feb 15 08:45:00 MSK 2026: Новых сделок нет
Sun Feb 15 09:00:00 MSK 2026: Новых сделок нет
Sun Feb 15 09:15:00 MSK 2026: Новых сделок нет
Sun Feb 15 09:30:01 MSK 2026: Новых сделок нет
Sun Feb 15 09:45:01 MSK 2026: Новых сделок нет
Sun Feb 15 10:00:00 MSK 2026: Новых сделок нет
Sun Feb 15 10:15:00 MSK 2026: Новых сделок нет
Sun Feb 15 10:30:00 MSK 2026: Новых сделок нет
Sun Feb 15 10:45:00 MSK 2026: Новых сделок нет
Sun Feb 15 11:00:01 MSK 2026: Новых сделок нет
Sun Feb 15 11:15:01 MSK 2026: Новых сделок нет
Sun Feb 15 11:30:01 MSK 2026: Новых сделок нет
Sun Feb 15 11:45:01 MSK 2026: Новых сделок нет
Sun Feb 15 12:00:00 MSK 2026: Новых сделок нет
Sun Feb 15 12:15:00 MSK 2026: Новых сделок нет
Sun Feb 15 12:30:00 MSK 2026: Новых сделок нет
Sun Feb 15 12:45:00 MSK 2026: Новых сделок нет
Sun Feb 15 13:00:00 MSK 2026: Новых сделок нет
Sun Feb 15 13:15:00 MSK 2026: Новых сделок нет
Sun Feb 15 13:30:00 MSK 2026: Новых сделок нет
Sun Feb 15 13:45:00 MSK 2026: Новых сделок нет
Sun Feb 15 14:00:01 MSK 2026: Новых сделок нет
Sun Feb 15 14:15:00 MSK 2026: Новых сделок нет
Sun Feb 15 14:30:01 MSK 2026: Новых сделок нет
Sun Feb 15 14:45:00 MSK 2026: Новых сделок нет
Sun Feb 15 15:00:01 MSK 2026: Новых сделок нет
Sun Feb 15 15:15:01 MSK 2026: Новых сделок нет
Sun Feb 15 15:30:01 MSK 2026: Новых сделок нет
Sun Feb 15 15:45:00 MSK 2026: Новых сделок нет
Sun Feb 15 16:00:00 MSK 2026: Новых сделок нет
Sun Feb 15 16:15:00 MSK 2026: Новых сделок нет
Sun Feb 15 16:30:00 MSK 2026: Новых сделок нет
Sun Feb 15 16:45:01 MSK 2026: Новых сделок нет
Sun Feb 15 17:00:01 MSK 2026: Новых сделок нет
Sun Feb 15 17:15:00 MSK 2026: Новых сделок нет
Sun Feb 15 17:30:01 MSK 2026: Новых сделок нет
Sun Feb 15 17:45:00 MSK 2026: Новых сделок нет
Sun Feb 15 18:00:04 MSK 2026: Новых сделок нет
Sun Feb 15 18:15:00 MSK 2026: Новых сделок нет
Sun Feb 15 18:30:00 MSK 2026: Новых сделок нет
Sun Feb 15 18:45:00 MSK 2026: Новых сделок нет
Sun Feb 15 19:00:00 MSK 2026: Новых сделок нет
Sun Feb 15 19:15:00 MSK 2026: Новых сделок нет
Sun Feb 15 19:30:00 MSK 2026: Новых сделок нет
Sun Feb 15 19:45:00 MSK 2026: Новых сделок нет
Sun Feb 15 20:00:01 MSK 2026: Новых сделок нет
Sun Feb 15 20:15:00 MSK 2026: Новых сделок нет
Sun Feb 15 20:30:00 MSK 2026: Новых сделок нет
Sun Feb 15 20:45:00 MSK 2026: Новых сделок нет
Sun Feb 15 21:00:00 MSK 2026: Новых сделок нет
Sun Feb 15 21:15:01 MSK 2026: Новых сделок нет
Sun Feb 15 21:30:00 MSK 2026: Найдено новых сделок: 1
Отправляю уведомление о сделке #10973: Олеся Букреева - Открытая линия OnlineTurPlus
Sun Feb 15 21:30:01 MSK 2026: Обновлён last ID: 10973
Sun Feb 15 21:45:00 MSK 2026: Новых сделок нет
Sun Feb 15 22:00:00 MSK 2026: Новых сделок нет
Sun Feb 15 22:15:00 MSK 2026: Новых сделок нет
Sun Feb 15 22:30:00 MSK 2026: Новых сделок нет
Sun Feb 15 22:45:01 MSK 2026: Новых сделок нет
Sun Feb 15 23:00:01 MSK 2026: Новых сделок нет
Sun Feb 15 23:15:01 MSK 2026: Новых сделок нет
Sun Feb 15 23:30:00 MSK 2026: Новых сделок нет
Sun Feb 15 23:45:01 MSK 2026: Новых сделок нет
Mon Feb 16 00:00:05 MSK 2026: Новых сделок нет
Mon Feb 16 00:15:01 MSK 2026: Новых сделок нет
Mon Feb 16 00:30:00 MSK 2026: Новых сделок нет
Mon Feb 16 00:45:01 MSK 2026: Новых сделок нет
Mon Feb 16 01:00:01 MSK 2026: Новых сделок нет
Mon Feb 16 01:15:01 MSK 2026: Новых сделок нет
Mon Feb 16 01:30:00 MSK 2026: Новых сделок нет
Mon Feb 16 01:45:00 MSK 2026: Новых сделок нет
Mon Feb 16 02:00:01 MSK 2026: Новых сделок нет
Mon Feb 16 02:15:01 MSK 2026: Новых сделок нет
Mon Feb 16 02:30:01 MSK 2026: Новых сделок нет
Mon Feb 16 02:45:01 MSK 2026: Новых сделок нет
Mon Feb 16 03:00:01 MSK 2026: Новых сделок нет
Mon Feb 16 03:15:01 MSK 2026: Новых сделок нет
Mon Feb 16 03:30:00 MSK 2026: Новых сделок нет
Mon Feb 16 03:45:01 MSK 2026: Новых сделок нет
Mon Feb 16 04:00:01 MSK 2026: Новых сделок нет
Mon Feb 16 04:15:01 MSK 2026: Новых сделок нет
Mon Feb 16 04:30:01 MSK 2026: Новых сделок нет
Mon Feb 16 04:45:00 MSK 2026: Новых сделок нет
Mon Feb 16 05:00:00 MSK 2026: Новых сделок нет
Mon Feb 16 05:15:00 MSK 2026: Новых сделок нет
Mon Feb 16 05:30:01 MSK 2026: Новых сделок нет
Mon Feb 16 05:45:01 MSK 2026: Новых сделок нет
Mon Feb 16 06:00:00 MSK 2026: Новых сделок нет
Mon Feb 16 06:15:01 MSK 2026: Новых сделок нет
Mon Feb 16 06:30:01 MSK 2026: Новых сделок нет
Mon Feb 16 06:45:01 MSK 2026: Новых сделок нет
Mon Feb 16 07:00:01 MSK 2026: Новых сделок нет
Mon Feb 16 07:15:00 MSK 2026: Новых сделок нет
Mon Feb 16 07:30:00 MSK 2026: Новых сделок нет
Mon Feb 16 07:45:00 MSK 2026: Новых сделок нет
Mon Feb 16 08:00:00 MSK 2026: Новых сделок нет
Mon Feb 16 08:15:00 MSK 2026: Новых сделок нет
Mon Feb 16 08:30:00 MSK 2026: Новых сделок нет
Mon Feb 16 08:45:00 MSK 2026: Новых сделок нет
Mon Feb 16 09:00:01 MSK 2026: Новых сделок нет
Mon Feb 16 09:15:00 MSK 2026: Новых сделок нет
Mon Feb 16 09:30:00 MSK 2026: Новых сделок нет
Mon Feb 16 09:45:01 MSK 2026: Новых сделок нет
Mon Feb 16 10:00:00 MSK 2026: Новых сделок нет
Mon Feb 16 10:15:01 MSK 2026: Новых сделок нет
Mon Feb 16 10:30:01 MSK 2026: Новых сделок нет
Mon Feb 16 10:45:00 MSK 2026: Новых сделок нет
Mon Feb 16 11:00:01 MSK 2026: Новых сделок нет
Mon Feb 16 11:15:01 MSK 2026: Найдено новых сделок: 1
Отправляю уведомление о сделке #10975: Настюша Колюбаева - OnlineTur+
Mon Feb 16 11:15:02 MSK 2026: Обновлён last ID: 10975
Mon Feb 16 11:30:00 MSK 2026: Новых сделок нет
Mon Feb 16 11:45:00 MSK 2026: Новых сделок нет
Mon Feb 16 12:00:01 MSK 2026: Новых сделок нет
Mon Feb 16 12:15:16 MSK 2026: Новых сделок нет
Mon Feb 16 12:30:01 MSK 2026: Новых сделок нет
Mon Feb 16 12:45:01 MSK 2026: Новых сделок нет
Mon Feb 16 13:00:01 MSK 2026: Новых сделок нет
Mon Feb 16 13:15:00 MSK 2026: Новых сделок нет
Mon Feb 16 13:30:00 MSK 2026: Новых сделок нет
Mon Feb 16 13:45:00 MSK 2026: Новых сделок нет
Mon Feb 16 14:00:00 MSK 2026: Новых сделок нет
Mon Feb 16 14:15:01 MSK 2026: Новых сделок нет
Mon Feb 16 14:30:01 MSK 2026: Новых сделок нет
Mon Feb 16 14:45:01 MSK 2026: Новых сделок нет
Mon Feb 16 15:00:00 MSK 2026: Новых сделок нет
Mon Feb 16 15:15:01 MSK 2026: Новых сделок нет
Mon Feb 16 15:30:01 MSK 2026: Новых сделок нет
Mon Feb 16 15:45:30 MSK 2026: Новых сделок нет
Mon Feb 16 16:00:30 MSK 2026: Новых сделок нет
Mon Feb 16 16:15:30 MSK 2026: Новых сделок нет
Mon Feb 16 16:30:00 MSK 2026: Новых сделок нет
Mon Feb 16 16:45:01 MSK 2026: Новых сделок нет
Mon Feb 16 17:00:00 MSK 2026: Новых сделок нет
Mon Feb 16 17:15:00 MSK 2026: Новых сделок нет
Mon Feb 16 17:30:01 MSK 2026: Новых сделок нет
Mon Feb 16 17:45:00 MSK 2026: Новых сделок нет
Mon Feb 16 18:00:01 MSK 2026: Новых сделок нет
Mon Feb 16 18:15:01 MSK 2026: Новых сделок нет
Mon Feb 16 18:30:01 MSK 2026: Найдено новых сделок: 1
Отправляю уведомление о сделке #10977: Мария Полянская - OnlineTur+
Mon Feb 16 18:30:02 MSK 2026: Обновлён last ID: 10977
Mon Feb 16 18:45:00 MSK 2026: Новых сделок нет
Mon Feb 16 19:00:01 MSK 2026: Новых сделок нет
Mon Feb 16 19:15:01 MSK 2026: Новых сделок нет
Mon Feb 16 19:30:00 MSK 2026: Новых сделок нет
Mon Feb 16 19:45:01 MSK 2026: Новых сделок нет
Mon Feb 16 20:00:01 MSK 2026: Новых сделок нет
Mon Feb 16 20:15:01 MSK 2026: Новых сделок нет
Mon Feb 16 20:30:01 MSK 2026: Новых сделок нет
Mon Feb 16 20:45:00 MSK 2026: Новых сделок нет
Mon Feb 16 21:00:00 MSK 2026: Новых сделок нет
Mon Feb 16 21:15:00 MSK 2026: Новых сделок нет
Mon Feb 16 21:30:00 MSK 2026: Новых сделок нет
Mon Feb 16 21:45:01 MSK 2026: Новых сделок нет
Mon Feb 16 22:00:00 MSK 2026: Новых сделок нет
Mon Feb 16 22:15:00 MSK 2026: Новых сделок нет
Mon Feb 16 22:30:00 MSK 2026: Новых сделок нет
Mon Feb 16 22:45:01 MSK 2026: Новых сделок нет
Mon Feb 16 23:00:01 MSK 2026: Новых сделок нет
Mon Feb 16 23:15:01 MSK 2026: Новых сделок нет
Mon Feb 16 23:30:00 MSK 2026: Новых сделок нет
Mon Feb 16 23:45:00 MSK 2026: Новых сделок нет
Tue Feb 17 00:00:05 MSK 2026: Новых сделок нет
Tue Feb 17 00:15:00 MSK 2026: Новых сделок нет
Tue Feb 17 00:30:01 MSK 2026: Новых сделок нет
Tue Feb 17 00:45:00 MSK 2026: Новых сделок нет
Tue Feb 17 01:00:01 MSK 2026: Новых сделок нет
Tue Feb 17 01:15:00 MSK 2026: Новых сделок нет
Tue Feb 17 01:30:00 MSK 2026: Новых сделок нет
Tue Feb 17 01:45:00 MSK 2026: Новых сделок нет
Tue Feb 17 02:00:01 MSK 2026: Новых сделок нет
Tue Feb 17 02:15:00 MSK 2026: Новых сделок нет
Tue Feb 17 02:30:01 MSK 2026: Новых сделок нет
Tue Feb 17 02:45:00 MSK 2026: Новых сделок нет
Tue Feb 17 03:00:00 MSK 2026: Новых сделок нет
Tue Feb 17 03:15:01 MSK 2026: Новых сделок нет
Tue Feb 17 03:30:01 MSK 2026: Новых сделок нет
Tue Feb 17 03:45:00 MSK 2026: Новых сделок нет
Tue Feb 17 04:00:11 MSK 2026: Новых сделок нет
Tue Feb 17 04:15:00 MSK 2026: Новых сделок нет
Tue Feb 17 04:30:00 MSK 2026: Новых сделок нет
Tue Feb 17 04:45:00 MSK 2026: Новых сделок нет
Tue Feb 17 05:00:00 MSK 2026: Новых сделок нет
Tue Feb 17 05:15:01 MSK 2026: Новых сделок нет
Tue Feb 17 05:30:00 MSK 2026: Новых сделок нет
Tue Feb 17 05:45:00 MSK 2026: Новых сделок нет
Tue Feb 17 06:00:00 MSK 2026: Новых сделок нет
Tue Feb 17 06:15:00 MSK 2026: Новых сделок нет
Tue Feb 17 06:30:01 MSK 2026: Новых сделок нет
Tue Feb 17 06:45:00 MSK 2026: Новых сделок нет
Tue Feb 17 07:00:01 MSK 2026: Новых сделок нет
Tue Feb 17 07:15:01 MSK 2026: Новых сделок нет
Tue Feb 17 07:30:00 MSK 2026: Новых сделок нет
Tue Feb 17 07:45:00 MSK 2026: Новых сделок нет
Tue Feb 17 08:00:01 MSK 2026: Новых сделок нет
Tue Feb 17 08:15:01 MSK 2026: Новых сделок нет
Tue Feb 17 08:30:00 MSK 2026: Новых сделок нет
Tue Feb 17 08:45:00 MSK 2026: Новых сделок нет
Tue Feb 17 09:00:01 MSK 2026: Новых сделок нет
Tue Feb 17 09:15:00 MSK 2026: Новых сделок нет
Tue Feb 17 09:30:01 MSK 2026: Новых сделок нет
Tue Feb 17 09:45:01 MSK 2026: Новых сделок нет
Tue Feb 17 10:00:00 MSK 2026: Новых сделок нет
Tue Feb 17 10:15:01 MSK 2026: Новых сделок нет
Tue Feb 17 10:30:01 MSK 2026: Новых сделок нет
Tue Feb 17 10:45:01 MSK 2026: Найдено новых сделок: 2
Отправляю уведомление о сделке #10979: Исходящий вызов 79191320111
Отправляю уведомление о сделке #10981: Исходящий вызов 79103102330
Tue Feb 17 10:45:03 MSK 2026: Обновлён last ID: 10981
Tue Feb 17 11:00:01 MSK 2026: Найдено новых сделок: 2
Отправляю уведомление о сделке #10983: ᅠ ᅠ ᅠ ᅠ - Открытая линия OnlineTurPlus
Отправляю уведомление о сделке #10985: Victoria - Открытая линия OnlineTurPlus
Tue Feb 17 11:00:03 MSK 2026: Обновлён last ID: 10985
Tue Feb 17 11:15:01 MSK 2026: Новых сделок нет
Tue Feb 17 11:30:00 MSK 2026: Найдено новых сделок: 1
Отправляю уведомление о сделке #10987: Александр Чернов - Открытая линия OnlineTurPlus
Tue Feb 17 11:30:01 MSK 2026: Обновлён last ID: 10987
Tue Feb 17 11:45:01 MSK 2026: Новых сделок нет
Tue Feb 17 12:00:01 MSK 2026: Новых сделок нет
Tue Feb 17 12:15:01 MSK 2026: Новых сделок нет
Tue Feb 17 12:30:00 MSK 2026: Новых сделок нет
Tue Feb 17 12:45:00 MSK 2026: Новых сделок нет
Tue Feb 17 13:00:30 MSK 2026: Новых сделок нет
Tue Feb 17 13:15:01 MSK 2026: Новых сделок нет
Tue Feb 17 13:30:00 MSK 2026: Новых сделок нет
Tue Feb 17 13:45:01 MSK 2026: Новых сделок нет
Tue Feb 17 14:00:00 MSK 2026: Новых сделок нет
Tue Feb 17 14:15:00 MSK 2026: Новых сделок нет
Tue Feb 17 14:30:01 MSK 2026: Новых сделок нет
Tue Feb 17 14:45:01 MSK 2026: Новых сделок нет
Tue Feb 17 15:00:00 MSK 2026: Новых сделок нет
Tue Feb 17 15:15:00 MSK 2026: Новых сделок нет
Tue Feb 17 15:30:00 MSK 2026: Новых сделок нет
Tue Feb 17 15:45:01 MSK 2026: Новых сделок нет
Tue Feb 17 16:00:01 MSK 2026: Новых сделок нет
Tue Feb 17 16:15:01 MSK 2026: Новых сделок нет
Tue Feb 17 16:30:01 MSK 2026: Новых сделок нет
Tue Feb 17 16:45:00 MSK 2026: Новых сделок нет
Tue Feb 17 17:00:00 MSK 2026: Новых сделок нет
Tue Feb 17 17:15:00 MSK 2026: Новых сделок нет
Tue Feb 17 17:30:00 MSK 2026: Новых сделок нет
Tue Feb 17 17:45:00 MSK 2026: Новых сделок нет
Tue Feb 17 18:00:00 MSK 2026: Новых сделок нет
Tue Feb 17 18:15:01 MSK 2026: Новых сделок нет
Tue Feb 17 18:30:01 MSK 2026: Новых сделок нет
Tue Feb 17 18:45:01 MSK 2026: Новых сделок нет
Tue Feb 17 19:00:00 MSK 2026: Новых сделок нет
Tue Feb 17 19:15:00 MSK 2026: Новых сделок нет
Tue Feb 17 19:30:00 MSK 2026: Новых сделок нет
Tue Feb 17 19:45:01 MSK 2026: Новых сделок нет
Tue Feb 17 20:00:00 MSK 2026: Новых сделок нет
Tue Feb 17 20:15:00 MSK 2026: Новых сделок нет
Tue Feb 17 20:30:00 MSK 2026: Найдено новых сделок: 1
Отправляю уведомление о сделке #10989: Анна Басова - OnlineTur+
Tue Feb 17 20:30:01 MSK 2026: Обновлён last ID: 10989
Tue Feb 17 20:45:01 MSK 2026: Новых сделок нет
Tue Feb 17 21:00:01 MSK 2026: Новых сделок нет
Tue Feb 17 21:15:00 MSK 2026: Новых сделок нет
Tue Feb 17 21:30:01 MSK 2026: Новых сделок нет
Tue Feb 17 21:45:00 MSK 2026: Новых сделок нет
Tue Feb 17 22:00:01 MSK 2026: Новых сделок нет
Tue Feb 17 22:15:00 MSK 2026: Новых сделок нет
Tue Feb 17 22:30:01 MSK 2026: Новых сделок нет
Tue Feb 17 22:45:00 MSK 2026: Новых сделок нет
Tue Feb 17 23:00:01 MSK 2026: Новых сделок нет
Tue Feb 17 23:15:00 MSK 2026: Новых сделок нет
Tue Feb 17 23:30:01 MSK 2026: Новых сделок нет
Tue Feb 17 23:45:01 MSK 2026: Новых сделок нет
Wed Feb 18 00:00:06 MSK 2026: Новых сделок нет
Wed Feb 18 00:15:01 MSK 2026: Новых сделок нет
Wed Feb 18 00:30:00 MSK 2026: Новых сделок нет
Wed Feb 18 00:45:00 MSK 2026: Новых сделок нет
Wed Feb 18 01:00:01 MSK 2026: Новых сделок нет
Wed Feb 18 01:15:00 MSK 2026: Новых сделок нет
Wed Feb 18 01:30:01 MSK 2026: Новых сделок нет
Wed Feb 18 01:45:00 MSK 2026: Новых сделок нет
Wed Feb 18 02:00:00 MSK 2026: Новых сделок нет
Wed Feb 18 02:15:00 MSK 2026: Новых сделок нет
Wed Feb 18 02:30:00 MSK 2026: Найдено новых сделок: 1
Отправляю уведомление о сделке #10991: Светлана Одинцова - OnlineTur+
Wed Feb 18 02:30:01 MSK 2026: Обновлён last ID: 10991
Wed Feb 18 02:45:00 MSK 2026: Новых сделок нет
Wed Feb 18 03:00:00 MSK 2026: Новых сделок нет
Wed Feb 18 03:15:00 MSK 2026: Новых сделок нет
Wed Feb 18 03:30:01 MSK 2026: Новых сделок нет
Wed Feb 18 03:45:01 MSK 2026: Новых сделок нет
Wed Feb 18 04:00:01 MSK 2026: Новых сделок нет
Wed Feb 18 04:15:00 MSK 2026: Новых сделок нет
Wed Feb 18 04:30:02 MSK 2026: Новых сделок нет
Wed Feb 18 04:45:00 MSK 2026: Новых сделок нет
Wed Feb 18 05:00:00 MSK 2026: Новых сделок нет
Wed Feb 18 05:15:00 MSK 2026: Новых сделок нет
Wed Feb 18 05:30:01 MSK 2026: Новых сделок нет
Wed Feb 18 05:45:00 MSK 2026: Новых сделок нет
Wed Feb 18 06:00:00 MSK 2026: Новых сделок нет
Wed Feb 18 06:15:00 MSK 2026: Новых сделок нет
Wed Feb 18 06:30:00 MSK 2026: Новых сделок нет
Wed Feb 18 06:45:01 MSK 2026: Новых сделок нет
Wed Feb 18 07:00:00 MSK 2026: Новых сделок нет
Wed Feb 18 07:15:00 MSK 2026: Новых сделок нет
Wed Feb 18 07:30:00 MSK 2026: Новых сделок нет
Wed Feb 18 07:45:00 MSK 2026: Новых сделок нет
Wed Feb 18 08:00:00 MSK 2026: Новых сделок нет
Wed Feb 18 08:15:01 MSK 2026: Новых сделок нет
Wed Feb 18 08:30:01 MSK 2026: Новых сделок нет
Wed Feb 18 08:45:00 MSK 2026: Новых сделок нет
Wed Feb 18 09:00:01 MSK 2026: Новых сделок нет
Wed Feb 18 09:15:01 MSK 2026: Новых сделок нет
Wed Feb 18 09:30:01 MSK 2026: Новых сделок нет
Wed Feb 18 09:45:01 MSK 2026: Новых сделок нет
Wed Feb 18 10:00:00 MSK 2026: Новых сделок нет
Wed Feb 18 10:15:00 MSK 2026: Новых сделок нет
Wed Feb 18 10:30:01 MSK 2026: Новых сделок нет
Wed Feb 18 10:45:01 MSK 2026: Новых сделок нет
Wed Feb 18 11:00:00 MSK 2026: Новых сделок нет
Wed Feb 18 11:15:00 MSK 2026: Новых сделок нет
Wed Feb 18 11:30:00 MSK 2026: Новых сделок нет
Wed Feb 18 11:45:00 MSK 2026: Новых сделок нет
Wed Feb 18 12:00:00 MSK 2026: Новых сделок нет
Wed Feb 18 12:15:01 MSK 2026: Новых сделок нет
Wed Feb 18 12:30:01 MSK 2026: Новых сделок нет
Wed Feb 18 12:45:00 MSK 2026: Новых сделок нет
Wed Feb 18 13:00:00 MSK 2026: Новых сделок нет
Wed Feb 18 13:15:01 MSK 2026: Новых сделок нет
Wed Feb 18 13:30:00 MSK 2026: Новых сделок нет
Wed Feb 18 13:45:00 MSK 2026: Новых сделок нет
Wed Feb 18 14:00:01 MSK 2026: Новых сделок нет
Wed Feb 18 14:15:01 MSK 2026: Новых сделок нет
Wed Feb 18 14:30:00 MSK 2026: Новых сделок нет
Wed Feb 18 14:45:00 MSK 2026: Новых сделок нет
Wed Feb 18 15:00:01 MSK 2026: Новых сделок нет
Wed Feb 18 15:15:00 MSK 2026: Новых сделок нет
Wed Feb 18 15:30:01 MSK 2026: Новых сделок нет
Wed Feb 18 15:45:01 MSK 2026: Новых сделок нет
Wed Feb 18 16:00:01 MSK 2026: Новых сделок нет
Wed Feb 18 16:15:01 MSK 2026: Новых сделок нет
Wed Feb 18 16:30:00 MSK 2026: Новых сделок нет
Wed Feb 18 16:45:00 MSK 2026: Новых сделок нет
Wed Feb 18 17:00:00 MSK 2026: Новых сделок нет
Wed Feb 18 17:15:01 MSK 2026: Новых сделок нет
Wed Feb 18 17:30:00 MSK 2026: Новых сделок нет
Wed Feb 18 17:45:00 MSK 2026: Новых сделок нет
Wed Feb 18 18:00:01 MSK 2026: Новых сделок нет
Wed Feb 18 18:15:01 MSK 2026: Новых сделок нет
Wed Feb 18 18:30:00 MSK 2026: Найдено новых сделок: 1
Отправляю уведомление о сделке #10993: Анна Черных - OnlineTur+
Wed Feb 18 18:30:01 MSK 2026: Обновлён last ID: 10993
Wed Feb 18 18:45:01 MSK 2026: Новых сделок нет
Wed Feb 18 19:00:00 MSK 2026: Новых сделок нет
Wed Feb 18 19:15:00 MSK 2026: Новых сделок нет
Wed Feb 18 19:30:00 MSK 2026: Новых сделок нет
Wed Feb 18 19:45:00 MSK 2026: Новых сделок нет
Wed Feb 18 20:00:00 MSK 2026: Новых сделок нет
Wed Feb 18 20:15:01 MSK 2026: Новых сделок нет
Wed Feb 18 20:30:01 MSK 2026: Новых сделок нет
Wed Feb 18 20:45:01 MSK 2026: Новых сделок нет
Wed Feb 18 21:00:00 MSK 2026: Новых сделок нет
Wed Feb 18 21:15:00 MSK 2026: Новых сделок нет
Wed Feb 18 21:30:00 MSK 2026: Новых сделок нет
Wed Feb 18 21:45:00 MSK 2026: Новых сделок нет
Wed Feb 18 22:00:00 MSK 2026: Новых сделок нет
Wed Feb 18 22:15:00 MSK 2026: Новых сделок нет
Wed Feb 18 22:30:01 MSK 2026: Найдено новых сделок: 1
Отправляю уведомление о сделке #10995: Вячеслав Шепель - OnlineTur+
Wed Feb 18 22:30:02 MSK 2026: Обновлён last ID: 10995
Wed Feb 18 22:45:01 MSK 2026: Новых сделок нет
Wed Feb 18 23:00:00 MSK 2026: Новых сделок нет
Wed Feb 18 23:15:00 MSK 2026: Новых сделок нет
Wed Feb 18 23:30:01 MSK 2026: Новых сделок нет
Wed Feb 18 23:45:01 MSK 2026: Новых сделок нет
Thu Feb 19 00:00:04 MSK 2026: Новых сделок нет
Thu Feb 19 00:15:00 MSK 2026: Новых сделок нет
Thu Feb 19 00:30:01 MSK 2026: Новых сделок нет
Thu Feb 19 00:45:01 MSK 2026: Новых сделок нет
Thu Feb 19 01:00:01 MSK 2026: Новых сделок нет
Thu Feb 19 01:15:01 MSK 2026: Новых сделок нет
Thu Feb 19 01:30:00 MSK 2026: Новых сделок нет
Thu Feb 19 01:45:00 MSK 2026: Новых сделок нет
Thu Feb 19 02:00:01 MSK 2026: Новых сделок нет
Thu Feb 19 02:15:00 MSK 2026: Новых сделок нет
Thu Feb 19 02:30:00 MSK 2026: Новых сделок нет
Thu Feb 19 02:45:01 MSK 2026: Новых сделок нет
Thu Feb 19 03:00:00 MSK 2026: Новых сделок нет
Thu Feb 19 03:15:01 MSK 2026: Новых сделок нет
Thu Feb 19 03:30:01 MSK 2026: Новых сделок нет
Thu Feb 19 03:45:00 MSK 2026: Новых сделок нет
Thu Feb 19 04:00:00 MSK 2026: Новых сделок нет
Thu Feb 19 04:15:01 MSK 2026: Новых сделок нет
Thu Feb 19 04:30:00 MSK 2026: Новых сделок нет
Thu Feb 19 04:45:00 MSK 2026: Новых сделок нет
Thu Feb 19 05:00:01 MSK 2026: Новых сделок нет
Thu Feb 19 05:15:00 MSK 2026: Новых сделок нет
Thu Feb 19 05:30:00 MSK 2026: Новых сделок нет
Thu Feb 19 05:45:01 MSK 2026: Новых сделок нет
Thu Feb 19 06:00:02 MSK 2026: Новых сделок нет
Thu Feb 19 06:15:00 MSK 2026: Новых сделок нет
Thu Feb 19 06:30:01 MSK 2026: Новых сделок нет
Thu Feb 19 06:45:00 MSK 2026: Новых сделок нет
Thu Feb 19 07:00:00 MSK 2026: Новых сделок нет
Thu Feb 19 07:15:00 MSK 2026: Новых сделок нет
Thu Feb 19 07:30:01 MSK 2026: Новых сделок нет
Thu Feb 19 07:45:01 MSK 2026: Новых сделок нет
Thu Feb 19 08:00:00 MSK 2026: Новых сделок нет
Thu Feb 19 08:15:00 MSK 2026: Новых сделок нет
Thu Feb 19 08:30:01 MSK 2026: Новых сделок нет
Thu Feb 19 08:45:00 MSK 2026: Новых сделок нет
Thu Feb 19 09:00:00 MSK 2026: Новых сделок нет
Thu Feb 19 09:15:00 MSK 2026: Новых сделок нет
Thu Feb 19 09:30:01 MSK 2026: Новых сделок нет
Thu Feb 19 09:45:01 MSK 2026: Новых сделок нет
Thu Feb 19 10:00:01 MSK 2026: Новых сделок нет
Thu Feb 19 10:15:00 MSK 2026: Новых сделок нет
Thu Feb 19 10:30:00 MSK 2026: Новых сделок нет
Thu Feb 19 10:45:01 MSK 2026: Новых сделок нет
Thu Feb 19 11:00:01 MSK 2026: Новых сделок нет
Thu Feb 19 11:15:01 MSK 2026: Новых сделок нет
Thu Feb 19 11:30:01 MSK 2026: Новых сделок нет
Thu Feb 19 11:45:01 MSK 2026: Новых сделок нет
Thu Feb 19 12:00:01 MSK 2026: Новых сделок нет
Thu Feb 19 12:15:01 MSK 2026: Новых сделок нет
Thu Feb 19 12:30:01 MSK 2026: Новых сделок нет
Thu Feb 19 12:45:01 MSK 2026: Найдено новых сделок: 1
Отправляю уведомление о сделке #10997: Андрей Проскурин - Открытая линия OnlineTurPlus
Thu Feb 19 12:45:02 MSK 2026: Обновлён last ID: 10997
Thu Feb 19 13:00:01 MSK 2026: Новых сделок нет
Thu Feb 19 13:15:01 MSK 2026: Новых сделок нет
Thu Feb 19 13:30:01 MSK 2026: Новых сделок нет
Thu Feb 19 13:45:01 MSK 2026: Новых сделок нет
Thu Feb 19 14:00:01 MSK 2026: Новых сделок нет
Thu Feb 19 14:15:01 MSK 2026: Новых сделок нет
Thu Feb 19 14:30:00 MSK 2026: Новых сделок нет
Thu Feb 19 14:45:00 MSK 2026: Новых сделок нет
Thu Feb 19 15:00:00 MSK 2026: Новых сделок нет
Thu Feb 19 15:15:00 MSK 2026: Новых сделок нет
Thu Feb 19 15:30:00 MSK 2026: Новых сделок нет
Thu Feb 19 15:45:01 MSK 2026: Новых сделок нет
Thu Feb 19 16:00:01 MSK 2026: Новых сделок нет
Thu Feb 19 16:15:01 MSK 2026: Найдено новых сделок: 1
Отправляю уведомление о сделке #10999: Мария Варенкова - Открытая линия OnlineTurPlus
Thu Feb 19 16:15:02 MSK 2026: Обновлён last ID: 10999
Thu Feb 19 16:30:01 MSK 2026: Новых сделок нет
Thu Feb 19 16:45:31 MSK 2026: Новых сделок нет
Thu Feb 19 17:00:01 MSK 2026: Найдено новых сделок: 1
Отправляю уведомление о сделке #11001: Анастасия Лопатина - OnlineTur+
Thu Feb 19 17:00:02 MSK 2026: Обновлён last ID: 11001
Thu Feb 19 17:15:01 MSK 2026: Новых сделок нет
Thu Feb 19 17:30:01 MSK 2026: Новых сделок нет
Thu Feb 19 17:45:01 MSK 2026: Новых сделок нет
Thu Feb 19 18:00:01 MSK 2026: Новых сделок нет
Thu Feb 19 18:15:00 MSK 2026: Новых сделок нет
Thu Feb 19 18:30:00 MSK 2026: Новых сделок нет
Thu Feb 19 18:45:01 MSK 2026: Новых сделок нет
Thu Feb 19 19:00:01 MSK 2026: Новых сделок нет
Thu Feb 19 19:15:00 MSK 2026: Новых сделок нет
Thu Feb 19 19:30:01 MSK 2026: Новых сделок нет
Thu Feb 19 19:45:01 MSK 2026: Новых сделок нет
Thu Feb 19 20:00:01 MSK 2026: Новых сделок нет
Thu Feb 19 20:15:01 MSK 2026: Новых сделок нет
Thu Feb 19 20:30:01 MSK 2026: Новых сделок нет
Thu Feb 19 20:45:01 MSK 2026: Новых сделок нет
Thu Feb 19 21:00:01 MSK 2026: Новых сделок нет
Thu Feb 19 21:15:01 MSK 2026: Новых сделок нет
Thu Feb 19 21:30:01 MSK 2026: Новых сделок нет
Thu Feb 19 21:45:00 MSK 2026: Новых сделок нет
Thu Feb 19 22:00:00 MSK 2026: Новых сделок нет
Thu Feb 19 22:15:00 MSK 2026: Новых сделок нет
Thu Feb 19 22:30:01 MSK 2026: Новых сделок нет
Thu Feb 19 22:45:01 MSK 2026: Новых сделок нет
Thu Feb 19 23:00:01 MSK 2026: Новых сделок нет
Thu Feb 19 23:15:00 MSK 2026: Новых сделок нет
Thu Feb 19 23:30:00 MSK 2026: Новых сделок нет
Thu Feb 19 23:45:00 MSK 2026: Новых сделок нет
Fri Feb 20 00:00:04 MSK 2026: Новых сделок нет
Fri Feb 20 00:15:00 MSK 2026: Новых сделок нет
Fri Feb 20 00:30:00 MSK 2026: Новых сделок нет
Fri Feb 20 00:45:00 MSK 2026: Новых сделок нет
Fri Feb 20 01:00:01 MSK 2026: Новых сделок нет
Fri Feb 20 01:15:01 MSK 2026: Новых сделок нет
Fri Feb 20 01:30:00 MSK 2026: Новых сделок нет
Fri Feb 20 01:45:00 MSK 2026: Новых сделок нет
Fri Feb 20 02:00:01 MSK 2026: Новых сделок нет
Fri Feb 20 02:15:01 MSK 2026: Новых сделок нет
Fri Feb 20 02:30:00 MSK 2026: Новых сделок нет
Fri Feb 20 02:45:00 MSK 2026: Новых сделок нет
Fri Feb 20 03:00:01 MSK 2026: Новых сделок нет
Fri Feb 20 03:15:01 MSK 2026: Новых сделок нет
Fri Feb 20 03:30:00 MSK 2026: Новых сделок нет
Fri Feb 20 03:45:00 MSK 2026: Новых сделок нет
Fri Feb 20 04:00:00 MSK 2026: Новых сделок нет
Fri Feb 20 04:15:01 MSK 2026: Новых сделок нет
Fri Feb 20 04:30:00 MSK 2026: Новых сделок нет
Fri Feb 20 04:45:00 MSK 2026: Новых сделок нет
Fri Feb 20 05:00:00 MSK 2026: Новых сделок нет
Fri Feb 20 05:15:01 MSK 2026: Новых сделок нет
Fri Feb 20 05:30:01 MSK 2026: Новых сделок нет
Fri Feb 20 05:45:00 MSK 2026: Новых сделок нет
Fri Feb 20 06:00:01 MSK 2026: Новых сделок нет
Fri Feb 20 06:15:01 MSK 2026: Новых сделок нет
Fri Feb 20 06:30:01 MSK 2026: Новых сделок нет
Fri Feb 20 06:45:00 MSK 2026: Новых сделок нет
Fri Feb 20 07:00:01 MSK 2026: Новых сделок нет
Fri Feb 20 07:15:01 MSK 2026: Новых сделок нет
Fri Feb 20 07:30:01 MSK 2026: Новых сделок нет
Fri Feb 20 07:45:00 MSK 2026: Новых сделок нет
Fri Feb 20 08:00:00 MSK 2026: Новых сделок нет
Fri Feb 20 08:15:01 MSK 2026: Новых сделок нет
Fri Feb 20 08:30:01 MSK 2026: Новых сделок нет
Fri Feb 20 08:45:01 MSK 2026: Новых сделок нет
Fri Feb 20 09:00:01 MSK 2026: Новых сделок нет
Fri Feb 20 09:15:00 MSK 2026: Новых сделок нет
Fri Feb 20 09:30:00 MSK 2026: Новых сделок нет
Fri Feb 20 09:45:02 MSK 2026: Новых сделок нет
Fri Feb 20 10:00:02 MSK 2026: Новых сделок нет
Fri Feb 20 10:15:03 MSK 2026: Новых сделок нет
Fri Feb 20 10:30:01 MSK 2026: Новых сделок нет
Fri Feb 20 10:45:01 MSK 2026: Новых сделок нет
Fri Feb 20 11:00:01 MSK 2026: Новых сделок нет
Fri Feb 20 11:15:01 MSK 2026: Новых сделок нет
Fri Feb 20 11:30:01 MSK 2026: Новых сделок нет
Fri Feb 20 11:45:00 MSK 2026: Новых сделок нет
Fri Feb 20 12:00:01 MSK 2026: Новых сделок нет
Fri Feb 20 12:15:00 MSK 2026: Новых сделок нет
Fri Feb 20 12:30:01 MSK 2026: Новых сделок нет
Fri Feb 20 12:45:01 MSK 2026: Новых сделок нет
Fri Feb 20 13:00:01 MSK 2026: Новых сделок нет
Fri Feb 20 13:15:01 MSK 2026: Новых сделок нет
Fri Feb 20 13:30:00 MSK 2026: Новых сделок нет
Fri Feb 20 13:45:00 MSK 2026: Новых сделок нет
Fri Feb 20 14:00:01 MSK 2026: Новых сделок нет
Fri Feb 20 14:15:01 MSK 2026: Новых сделок нет
Fri Feb 20 14:30:00 MSK 2026: Новых сделок нет
Fri Feb 20 14:45:00 MSK 2026: Новых сделок нет
Fri Feb 20 15:00:01 MSK 2026: Новых сделок нет
Fri Feb 20 15:15:01 MSK 2026: Новых сделок нет
Fri Feb 20 15:30:01 MSK 2026: Новых сделок нет
Fri Feb 20 15:45:00 MSK 2026: Новых сделок нет
Fri Feb 20 16:00:00 MSK 2026: Новых сделок нет
Fri Feb 20 16:15:00 MSK 2026: Новых сделок нет
Fri Feb 20 16:30:01 MSK 2026: Новых сделок нет
Fri Feb 20 16:45:00 MSK 2026: Новых сделок нет
Fri Feb 20 17:00:00 MSK 2026: Новых сделок нет
Fri Feb 20 17:15:00 MSK 2026: Новых сделок нет
Fri Feb 20 17:30:01 MSK 2026: Новых сделок нет
Fri Feb 20 17:45:00 MSK 2026: Новых сделок нет
Fri Feb 20 18:05:00 MSK 2026: Новых сделок нет
Fri Feb 20 18:20:00 MSK 2026: Новых сделок нет
Fri Feb 20 18:30:30 MSK 2026: Новых сделок нет
Fri Feb 20 18:45:01 MSK 2026: Новых сделок нет
Fri Feb 20 19:00:00 MSK 2026: Новых сделок нет
Fri Feb 20 19:15:00 MSK 2026: Новых сделок нет
Fri Feb 20 19:30:01 MSK 2026: Новых сделок нет
Fri Feb 20 19:45:00 MSK 2026: Новых сделок нет
Fri Feb 20 20:00:00 MSK 2026: Новых сделок нет
Fri Feb 20 20:15:00 MSK 2026: Новых сделок нет
Fri Feb 20 20:30:00 MSK 2026: Новых сделок нет
Fri Feb 20 20:45:01 MSK 2026: Новых сделок нет
Fri Feb 20 21:00:01 MSK 2026: Новых сделок нет
Fri Feb 20 21:15:01 MSK 2026: Найдено новых сделок: 1
Отправляю уведомление о сделке #11003: Карина Данилкина - OnlineTur+
Fri Feb 20 21:15:02 MSK 2026: Обновлён last ID: 11003
Fri Feb 20 21:30:01 MSK 2026: Новых сделок нет
Fri Feb 20 21:45:00 MSK 2026: Новых сделок нет
Fri Feb 20 22:00:00 MSK 2026: Найдено новых сделок: 1
Отправляю уведомление о сделке #11005: Aleksandr Pawlowskij - Открытая линия OnlineTurPlus
Fri Feb 20 22:00:01 MSK 2026: Обновлён last ID: 11005
Fri Feb 20 22:15:01 MSK 2026: Новых сделок нет
Fri Feb 20 22:30:01 MSK 2026: Новых сделок нет
Fri Feb 20 22:45:00 MSK 2026: Новых сделок нет
Fri Feb 20 23:00:00 MSK 2026: Новых сделок нет
Fri Feb 20 23:15:00 MSK 2026: Новых сделок нет
Fri Feb 20 23:30:01 MSK 2026: Новых сделок нет
Fri Feb 20 23:45:01 MSK 2026: Новых сделок нет
Sat Feb 21 00:00:03 MSK 2026: Новых сделок нет
Sat Feb 21 00:15:01 MSK 2026: Новых сделок нет
Sat Feb 21 00:30:01 MSK 2026: Новых сделок нет
Sat Feb 21 00:45:00 MSK 2026: Новых сделок нет
Sat Feb 21 01:00:00 MSK 2026: Новых сделок нет
Sat Feb 21 01:15:00 MSK 2026: Новых сделок нет
Sat Feb 21 01:30:00 MSK 2026: Новых сделок нет
Sat Feb 21 01:45:00 MSK 2026: Новых сделок нет
Sat Feb 21 02:00:00 MSK 2026: Новых сделок нет
Sat Feb 21 02:15:00 MSK 2026: Новых сделок нет
Sat Feb 21 02:30:01 MSK 2026: Новых сделок нет
Sat Feb 21 02:45:01 MSK 2026: Новых сделок нет
Sat Feb 21 03:00:01 MSK 2026: Новых сделок нет
Sat Feb 21 03:15:00 MSK 2026: Новых сделок нет
Sat Feb 21 03:30:01 MSK 2026: Новых сделок нет
Sat Feb 21 03:45:00 MSK 2026: Новых сделок нет
Sat Feb 21 04:00:00 MSK 2026: Новых сделок нет
Sat Feb 21 04:15:01 MSK 2026: Новых сделок нет
Sat Feb 21 04:30:01 MSK 2026: Новых сделок нет
Sat Feb 21 04:45:01 MSK 2026: Новых сделок нет
Sat Feb 21 05:00:00 MSK 2026: Новых сделок нет
Sat Feb 21 05:15:00 MSK 2026: Новых сделок нет
Sat Feb 21 05:30:01 MSK 2026: Новых сделок нет
Sat Feb 21 05:45:01 MSK 2026: Новых сделок нет
Sat Feb 21 06:00:01 MSK 2026: Новых сделок нет
Sat Feb 21 06:15:00 MSK 2026: Новых сделок нет
Sat Feb 21 06:30:01 MSK 2026: Новых сделок нет
Sat Feb 21 06:45:01 MSK 2026: Новых сделок нет
Sat Feb 21 07:00:01 MSK 2026: Новых сделок нет
Sat Feb 21 07:15:01 MSK 2026: Новых сделок нет
Sat Feb 21 07:30:00 MSK 2026: Новых сделок нет
Sat Feb 21 07:45:00 MSK 2026: Новых сделок нет
Sat Feb 21 08:00:01 MSK 2026: Новых сделок нет
Sat Feb 21 08:15:00 MSK 2026: Новых сделок нет
Sat Feb 21 08:30:01 MSK 2026: Новых сделок нет
Sat Feb 21 08:45:00 MSK 2026: Новых сделок нет
Sat Feb 21 09:00:00 MSK 2026: Новых сделок нет
Sat Feb 21 09:15:00 MSK 2026: Новых сделок нет
Sat Feb 21 09:30:01 MSK 2026: Новых сделок нет
Sat Feb 21 09:45:01 MSK 2026: Новых сделок нет
Sat Feb 21 10:00:01 MSK 2026: Новых сделок нет
Sat Feb 21 10:15:01 MSK 2026: Новых сделок нет
Sat Feb 21 10:30:00 MSK 2026: Найдено новых сделок: 1
Отправляю уведомление о сделке #11007: Катюша Мазалова - Открытая линия OnlineTurPlus
Sat Feb 21 10:30:02 MSK 2026: Обновлён last ID: 11007
Sat Feb 21 10:45:01 MSK 2026: Новых сделок нет
Sat Feb 21 11:00:00 MSK 2026: Новых сделок нет
Sat Feb 21 11:15:01 MSK 2026: Новых сделок нет
Sat Feb 21 11:30:01 MSK 2026: Новых сделок нет
Sat Feb 21 11:45:30 MSK 2026: Новых сделок нет
Sat Feb 21 12:00:12 MSK 2026: Новых сделок нет
Sat Feb 21 12:15:00 MSK 2026: Новых сделок нет
Sat Feb 21 12:30:00 MSK 2026: Новых сделок нет
Sat Feb 21 12:45:00 MSK 2026: Новых сделок нет
Sat Feb 21 13:00:00 MSK 2026: Новых сделок нет
Sat Feb 21 13:15:00 MSK 2026: Новых сделок нет
Sat Feb 21 13:30:00 MSK 2026: Новых сделок нет
Sat Feb 21 13:45:00 MSK 2026: Новых сделок нет
Sat Feb 21 14:00:00 MSK 2026: Новых сделок нет
Sat Feb 21 14:15:00 MSK 2026: Новых сделок нет
Sat Feb 21 14:30:00 MSK 2026: Новых сделок нет
Sat Feb 21 14:45:01 MSK 2026: Новых сделок нет
Sat Feb 21 15:00:00 MSK 2026: Новых сделок нет
Sat Feb 21 15:15:01 MSK 2026: Новых сделок нет
Sat Feb 21 15:30:01 MSK 2026: Новых сделок нет
Sat Feb 21 15:45:01 MSK 2026: Новых сделок нет
Sat Feb 21 16:00:00 MSK 2026: Новых сделок нет
Sat Feb 21 16:15:00 MSK 2026: Новых сделок нет
Sat Feb 21 16:30:00 MSK 2026: Новых сделок нет
Sat Feb 21 16:45:00 MSK 2026: Новых сделок нет
Sat Feb 21 17:00:00 MSK 2026: Новых сделок нет
Sat Feb 21 17:15:00 MSK 2026: Новых сделок нет
Sat Feb 21 17:30:01 MSK 2026: Новых сделок нет
Sat Feb 21 17:45:00 MSK 2026: Новых сделок нет
Sat Feb 21 18:00:00 MSK 2026: Новых сделок нет
Sat Feb 21 18:15:00 MSK 2026: Новых сделок нет
Sat Feb 21 18:30:00 MSK 2026: Новых сделок нет
Sat Feb 21 18:45:00 MSK 2026: Новых сделок нет
Sat Feb 21 19:00:01 MSK 2026: Новых сделок нет
Sat Feb 21 19:15:01 MSK 2026: Новых сделок нет
Sat Feb 21 19:30:00 MSK 2026: Новых сделок нет
Sat Feb 21 19:45:00 MSK 2026: Новых сделок нет
Sat Feb 21 20:00:01 MSK 2026: Новых сделок нет
Sat Feb 21 20:15:00 MSK 2026: Новых сделок нет
Sat Feb 21 20:30:00 MSK 2026: Новых сделок нет
Sat Feb 21 20:45:00 MSK 2026: Новых сделок нет
Sat Feb 21 21:00:00 MSK 2026: Новых сделок нет
Sat Feb 21 21:15:00 MSK 2026: Новых сделок нет
Sat Feb 21 21:30:01 MSK 2026: Новых сделок нет
Sat Feb 21 21:45:01 MSK 2026: Новых сделок нет
Sat Feb 21 22:00:01 MSK 2026: Новых сделок нет
Sat Feb 21 22:15:00 MSK 2026: Новых сделок нет
Sat Feb 21 22:30:01 MSK 2026: Новых сделок нет
Sat Feb 21 22:45:00 MSK 2026: Новых сделок нет
Sat Feb 21 23:00:00 MSK 2026: Новых сделок нет
Sat Feb 21 23:15:00 MSK 2026: Новых сделок нет
Sat Feb 21 23:30:01 MSK 2026: Новых сделок нет
Sat Feb 21 23:45:01 MSK 2026: Новых сделок нет
Sun Feb 22 00:00:05 MSK 2026: Новых сделок нет
Sun Feb 22 00:15:00 MSK 2026: Новых сделок нет
Sun Feb 22 00:30:00 MSK 2026: Новых сделок нет
Sun Feb 22 00:45:00 MSK 2026: Новых сделок нет
Sun Feb 22 01:00:01 MSK 2026: Новых сделок нет
Sun Feb 22 01:15:00 MSK 2026: Новых сделок нет
Sun Feb 22 01:30:01 MSK 2026: Новых сделок нет
Sun Feb 22 01:45:00 MSK 2026: Новых сделок нет
Sun Feb 22 02:00:00 MSK 2026: Новых сделок нет
Sun Feb 22 02:15:01 MSK 2026: Новых сделок нет
Sun Feb 22 02:30:01 MSK 2026: Новых сделок нет
Sun Feb 22 02:45:00 MSK 2026: Новых сделок нет
Sun Feb 22 03:00:01 MSK 2026: Новых сделок нет
Sun Feb 22 03:15:00 MSK 2026: Новых сделок нет
Sun Feb 22 03:30:00 MSK 2026: Новых сделок нет
Sun Feb 22 03:45:00 MSK 2026: Новых сделок нет
Sun Feb 22 04:00:00 MSK 2026: Новых сделок нет
Sun Feb 22 04:15:00 MSK 2026: Новых сделок нет
Sun Feb 22 04:30:00 MSK 2026: Новых сделок нет
Sun Feb 22 04:45:01 MSK 2026: Новых сделок нет
Sun Feb 22 05:00:01 MSK 2026: Новых сделок нет
Sun Feb 22 05:15:01 MSK 2026: Новых сделок нет
Sun Feb 22 05:30:00 MSK 2026: Новых сделок нет
Sun Feb 22 05:45:01 MSK 2026: Новых сделок нет
Sun Feb 22 06:00:01 MSK 2026: Новых сделок нет
Sun Feb 22 06:15:01 MSK 2026: Новых сделок нет
Sun Feb 22 06:30:00 MSK 2026: Новых сделок нет
Sun Feb 22 06:45:01 MSK 2026: Новых сделок нет
Sun Feb 22 07:00:01 MSK 2026: Новых сделок нет
Sun Feb 22 07:15:00 MSK 2026: Новых сделок нет
Sun Feb 22 07:30:00 MSK 2026: Новых сделок нет
Sun Feb 22 07:45:00 MSK 2026: Новых сделок нет
Sun Feb 22 08:00:01 MSK 2026: Новых сделок нет
Sun Feb 22 08:15:00 MSK 2026: Новых сделок нет
Sun Feb 22 08:30:00 MSK 2026: Новых сделок нет
Sun Feb 22 08:45:00 MSK 2026: Новых сделок нет
Sun Feb 22 09:00:00 MSK 2026: Новых сделок нет
Sun Feb 22 09:15:00 MSK 2026: Новых сделок нет
Sun Feb 22 09:30:00 MSK 2026: Новых сделок нет
Sun Feb 22 09:45:01 MSK 2026: Новых сделок нет
Sun Feb 22 10:00:01 MSK 2026: Новых сделок нет
Sun Feb 22 10:15:00 MSK 2026: Новых сделок нет
Sun Feb 22 10:30:00 MSK 2026: Новых сделок нет
Sun Feb 22 10:45:01 MSK 2026: Новых сделок нет
Sun Feb 22 11:00:01 MSK 2026: Новых сделок нет
Sun Feb 22 11:15:00 MSK 2026: Новых сделок нет
Sun Feb 22 11:30:01 MSK 2026: Новых сделок нет
Sun Feb 22 11:45:01 MSK 2026: Новых сделок нет
Sun Feb 22 12:00:00 MSK 2026: Новых сделок нет
Sun Feb 22 12:15:01 MSK 2026: Новых сделок нет
Sun Feb 22 12:30:01 MSK 2026: Новых сделок нет
Sun Feb 22 12:45:01 MSK 2026: Новых сделок нет
Sun Feb 22 13:00:01 MSK 2026: Новых сделок нет
Sun Feb 22 13:15:01 MSK 2026: Новых сделок нет
Sun Feb 22 13:30:01 MSK 2026: Новых сделок нет
Sun Feb 22 13:45:00 MSK 2026: Новых сделок нет
Sun Feb 22 14:00:00 MSK 2026: Новых сделок нет
Sun Feb 22 14:15:00 MSK 2026: Новых сделок нет
Sun Feb 22 14:30:01 MSK 2026: Новых сделок нет
Sun Feb 22 14:45:00 MSK 2026: Новых сделок нет
Sun Feb 22 15:00:00 MSK 2026: Новых сделок нет
Sun Feb 22 15:15:01 MSK 2026: Новых сделок нет
Sun Feb 22 15:30:00 MSK 2026: Новых сделок нет
Sun Feb 22 15:45:00 MSK 2026: Новых сделок нет
Sun Feb 22 16:00:00 MSK 2026: Новых сделок нет
Sun Feb 22 16:15:00 MSK 2026: Новых сделок нет
Sun Feb 22 16:30:00 MSK 2026: Новых сделок нет
Sun Feb 22 16:45:01 MSK 2026: Новых сделок нет
Sun Feb 22 17:00:01 MSK 2026: Новых сделок нет
Sun Feb 22 17:15:01 MSK 2026: Новых сделок нет
Sun Feb 22 17:30:01 MSK 2026: Новых сделок нет
Sun Feb 22 17:45:01 MSK 2026: Новых сделок нет
Sun Feb 22 18:00:00 MSK 2026: Найдено новых сделок: 1
Отправляю уведомление о сделке #11009: Ирина Тихонова - Открытая линия OnlineTurPlus
Sun Feb 22 18:00:01 MSK 2026: Обновлён last ID: 11009
Sun Feb 22 18:15:00 MSK 2026: Новых сделок нет
Sun Feb 22 18:30:00 MSK 2026: Новых сделок нет
Sun Feb 22 18:45:01 MSK 2026: Новых сделок нет
Sun Feb 22 19:00:00 MSK 2026: Новых сделок нет
Sun Feb 22 19:15:01 MSK 2026: Новых сделок нет
Sun Feb 22 19:30:01 MSK 2026: Новых сделок нет
Sun Feb 22 19:45:01 MSK 2026: Новых сделок нет
Sun Feb 22 20:00:01 MSK 2026: Новых сделок нет
Sun Feb 22 20:15:01 MSK 2026: Новых сделок нет
Sun Feb 22 20:30:01 MSK 2026: Новых сделок нет
Sun Feb 22 20:45:00 MSK 2026: Новых сделок нет
Sun Feb 22 21:00:00 MSK 2026: Новых сделок нет
Sun Feb 22 21:15:00 MSK 2026: Новых сделок нет
Sun Feb 22 21:30:00 MSK 2026: Новых сделок нет
Sun Feb 22 21:45:00 MSK 2026: Новых сделок нет
Sun Feb 22 22:00:00 MSK 2026: Новых сделок нет
Sun Feb 22 22:15:00 MSK 2026: Новых сделок нет
Sun Feb 22 22:30:00 MSK 2026: Новых сделок нет
Sun Feb 22 22:45:01 MSK 2026: Новых сделок нет
Sun Feb 22 23:00:01 MSK 2026: Новых сделок нет
Sun Feb 22 23:15:01 MSK 2026: Новых сделок нет
Sun Feb 22 23:30:00 MSK 2026: Новых сделок нет
Sun Feb 22 23:45:00 MSK 2026: Новых сделок нет
Mon Feb 23 00:00:02 MSK 2026: Новых сделок нет
Mon Feb 23 00:15:01 MSK 2026: Новых сделок нет
Mon Feb 23 00:30:00 MSK 2026: Новых сделок нет
Mon Feb 23 00:45:01 MSK 2026: Новых сделок нет
Mon Feb 23 01:00:01 MSK 2026: Новых сделок нет
Mon Feb 23 01:15:00 MSK 2026: Новых сделок нет
Mon Feb 23 01:30:00 MSK 2026: Новых сделок нет
Mon Feb 23 01:45:00 MSK 2026: Новых сделок нет
Mon Feb 23 02:00:01 MSK 2026: Новых сделок нет
Mon Feb 23 02:15:01 MSK 2026: Новых сделок нет
Mon Feb 23 02:30:00 MSK 2026: Новых сделок нет
Mon Feb 23 02:45:00 MSK 2026: Новых сделок нет
Mon Feb 23 03:00:00 MSK 2026: Новых сделок нет
Mon Feb 23 03:15:01 MSK 2026: Новых сделок нет
Mon Feb 23 03:30:01 MSK 2026: Новых сделок нет
Mon Feb 23 03:45:00 MSK 2026: Новых сделок нет
Mon Feb 23 04:00:00 MSK 2026: Новых сделок нет
Mon Feb 23 04:15:00 MSK 2026: Новых сделок нет
Mon Feb 23 04:30:01 MSK 2026: Новых сделок нет
Mon Feb 23 04:45:01 MSK 2026: Новых сделок нет
Mon Feb 23 05:00:01 MSK 2026: Новых сделок нет
Mon Feb 23 05:15:00 MSK 2026: Новых сделок нет
Mon Feb 23 05:30:00 MSK 2026: Новых сделок нет
Mon Feb 23 05:45:00 MSK 2026: Новых сделок нет
Mon Feb 23 06:00:01 MSK 2026: Новых сделок нет
Mon Feb 23 06:15:00 MSK 2026: Новых сделок нет
Mon Feb 23 06:30:00 MSK 2026: Новых сделок нет
Mon Feb 23 06:45:00 MSK 2026: Новых сделок нет
Mon Feb 23 07:00:00 MSK 2026: Новых сделок нет
Mon Feb 23 07:15:00 MSK 2026: Новых сделок нет
Mon Feb 23 07:30:00 MSK 2026: Новых сделок нет
Mon Feb 23 07:45:01 MSK 2026: Новых сделок нет
Mon Feb 23 08:00:01 MSK 2026: Новых сделок нет
Mon Feb 23 08:15:01 MSK 2026: Новых сделок нет
Mon Feb 23 08:30:00 MSK 2026: Новых сделок нет
Mon Feb 23 08:45:00 MSK 2026: Новых сделок нет
Mon Feb 23 09:00:00 MSK 2026: Новых сделок нет
Mon Feb 23 09:15:00 MSK 2026: Новых сделок нет
Mon Feb 23 09:30:01 MSK 2026: Новых сделок нет
Mon Feb 23 09:45:00 MSK 2026: Новых сделок нет
Mon Feb 23 10:00:00 MSK 2026: Новых сделок нет
Mon Feb 23 10:15:01 MSK 2026: Новых сделок нет
Mon Feb 23 10:30:00 MSK 2026: Новых сделок нет
Mon Feb 23 10:45:01 MSK 2026: Новых сделок нет
Mon Feb 23 11:00:00 MSK 2026: Новых сделок нет
Mon Feb 23 11:15:00 MSK 2026: Новых сделок нет
Mon Feb 23 11:30:01 MSK 2026: Новых сделок нет
Mon Feb 23 11:45:00 MSK 2026: Новых сделок нет
Mon Feb 23 12:00:00 MSK 2026: Новых сделок нет
Mon Feb 23 12:15:00 MSK 2026: Новых сделок нет
Mon Feb 23 12:30:01 MSK 2026: Новых сделок нет
Mon Feb 23 12:45:00 MSK 2026: Новых сделок нет
Mon Feb 23 13:00:00 MSK 2026: Новых сделок нет
Mon Feb 23 13:15:01 MSK 2026: Новых сделок нет
Mon Feb 23 13:30:00 MSK 2026: Новых сделок нет
Mon Feb 23 13:45:00 MSK 2026: Новых сделок нет
Mon Feb 23 14:00:00 MSK 2026: Новых сделок нет
Mon Feb 23 14:15:00 MSK 2026: Новых сделок нет
Mon Feb 23 14:30:01 MSK 2026: Найдено новых сделок: 1
Отправляю уведомление о сделке #11011: Данил Чернов - OnlineTur+
Mon Feb 23 14:30:02 MSK 2026: Обновлён last ID: 11011
Mon Feb 23 14:45:00 MSK 2026: Новых сделок нет
Mon Feb 23 15:00:01 MSK 2026: Новых сделок нет
Mon Feb 23 15:15:01 MSK 2026: Новых сделок нет
Mon Feb 23 15:30:01 MSK 2026: Новых сделок нет
Mon Feb 23 15:45:00 MSK 2026: Новых сделок нет
Mon Feb 23 16:00:00 MSK 2026: Новых сделок нет
Mon Feb 23 16:15:00 MSK 2026: Новых сделок нет
Mon Feb 23 16:30:00 MSK 2026: Новых сделок нет
Mon Feb 23 16:45:01 MSK 2026: Найдено новых сделок: 1
Отправляю уведомление о сделке #11013: Артем Горбунов - Открытая линия OnlineTurPlus
Mon Feb 23 16:45:02 MSK 2026: Обновлён last ID: 11013
Mon Feb 23 17:00:01 MSK 2026: Новых сделок нет
Mon Feb 23 17:15:00 MSK 2026: Новых сделок нет
Mon Feb 23 17:30:01 MSK 2026: Новых сделок нет
Mon Feb 23 17:45:00 MSK 2026: Новых сделок нет
Mon Feb 23 18:00:01 MSK 2026: Новых сделок нет
Mon Feb 23 18:15:00 MSK 2026: Новых сделок нет
Mon Feb 23 18:30:00 MSK 2026: Новых сделок нет
Mon Feb 23 18:45:00 MSK 2026: Новых сделок нет
Mon Feb 23 19:00:00 MSK 2026: Новых сделок нет
Mon Feb 23 19:15:00 MSK 2026: Новых сделок нет
Mon Feb 23 19:30:01 MSK 2026: Новых сделок нет
Mon Feb 23 19:45:00 MSK 2026: Новых сделок нет
Mon Feb 23 20:00:00 MSK 2026: Новых сделок нет
Mon Feb 23 20:15:01 MSK 2026: Новых сделок нет
Mon Feb 23 20:30:01 MSK 2026: Новых сделок нет
Mon Feb 23 20:45:00 MSK 2026: Новых сделок нет
Mon Feb 23 21:00:00 MSK 2026: Новых сделок нет
Mon Feb 23 21:15:00 MSK 2026: Новых сделок нет
Mon Feb 23 21:30:00 MSK 2026: Новых сделок нет
Mon Feb 23 21:45:00 MSK 2026: Новых сделок нет
Mon Feb 23 22:00:01 MSK 2026: Новых сделок нет
Mon Feb 23 22:15:01 MSK 2026: Новых сделок нет
Mon Feb 23 22:30:01 MSK 2026: Новых сделок нет
Mon Feb 23 22:45:00 MSK 2026: Новых сделок нет
Mon Feb 23 23:00:01 MSK 2026: Новых сделок нет
Mon Feb 23 23:15:01 MSK 2026: Новых сделок нет
Mon Feb 23 23:30:01 MSK 2026: Новых сделок нет
Mon Feb 23 23:45:01 MSK 2026: Новых сделок нет
Tue Feb 24 00:00:02 MSK 2026: Новых сделок нет
Tue Feb 24 00:15:00 MSK 2026: Новых сделок нет
Tue Feb 24 00:30:00 MSK 2026: Новых сделок нет
Tue Feb 24 00:45:00 MSK 2026: Новых сделок нет
Tue Feb 24 01:00:00 MSK 2026: Новых сделок нет
Tue Feb 24 01:15:00 MSK 2026: Новых сделок нет
Tue Feb 24 01:30:01 MSK 2026: Найдено новых сделок: 1
Отправляю уведомление о сделке #11015: Александр Карацупа - OnlineTur+
Tue Feb 24 01:30:02 MSK 2026: Обновлён last ID: 11015
Tue Feb 24 01:45:01 MSK 2026: Новых сделок нет
Tue Feb 24 02:00:01 MSK 2026: Новых сделок нет
Tue Feb 24 02:15:01 MSK 2026: Новых сделок нет
Tue Feb 24 02:30:01 MSK 2026: Новых сделок нет
Tue Feb 24 02:45:01 MSK 2026: Новых сделок нет
Tue Feb 24 03:00:00 MSK 2026: Новых сделок нет
Tue Feb 24 03:15:00 MSK 2026: Новых сделок нет
Tue Feb 24 03:30:01 MSK 2026: Новых сделок нет
Tue Feb 24 03:45:00 MSK 2026: Новых сделок нет
Tue Feb 24 04:00:01 MSK 2026: Новых сделок нет
Tue Feb 24 04:15:01 MSK 2026: Новых сделок нет
Tue Feb 24 04:30:01 MSK 2026: Новых сделок нет
Tue Feb 24 04:45:00 MSK 2026: Новых сделок нет
Tue Feb 24 05:00:01 MSK 2026: Новых сделок нет
Tue Feb 24 05:15:00 MSK 2026: Новых сделок нет
Tue Feb 24 05:30:00 MSK 2026: Новых сделок нет
Tue Feb 24 05:45:00 MSK 2026: Новых сделок нет
Tue Feb 24 06:00:01 MSK 2026: Новых сделок нет
Tue Feb 24 06:15:01 MSK 2026: Новых сделок нет
Tue Feb 24 06:30:01 MSK 2026: Новых сделок нет
Tue Feb 24 06:45:01 MSK 2026: Новых сделок нет
Tue Feb 24 07:00:01 MSK 2026: Новых сделок нет
Tue Feb 24 07:15:00 MSK 2026: Новых сделок нет
Tue Feb 24 07:30:01 MSK 2026: Новых сделок нет
Tue Feb 24 07:45:00 MSK 2026: Новых сделок нет
Tue Feb 24 08:00:01 MSK 2026: Новых сделок нет
Tue Feb 24 08:15:01 MSK 2026: Новых сделок нет
Tue Feb 24 08:30:01 MSK 2026: Новых сделок нет
Tue Feb 24 08:45:00 MSK 2026: Новых сделок нет
Tue Feb 24 09:00:00 MSK 2026: Новых сделок нет
Tue Feb 24 09:15:01 MSK 2026: Новых сделок нет
Tue Feb 24 09:30:00 MSK 2026: Новых сделок нет
Tue Feb 24 09:45:00 MSK 2026: Новых сделок нет
Tue Feb 24 10:00:00 MSK 2026: Новых сделок нет
Tue Feb 24 10:15:01 MSK 2026: Новых сделок нет
Tue Feb 24 10:30:01 MSK 2026: Новых сделок нет
Tue Feb 24 10:45:01 MSK 2026: Новых сделок нет
Tue Feb 24 11:00:00 MSK 2026: Новых сделок нет
Tue Feb 24 11:15:00 MSK 2026: Новых сделок нет
Tue Feb 24 11:30:01 MSK 2026: Новых сделок нет
Tue Feb 24 11:45:01 MSK 2026: Новых сделок нет
Tue Feb 24 12:00:01 MSK 2026: Новых сделок нет
Tue Feb 24 12:15:00 MSK 2026: Новых сделок нет
Tue Feb 24 12:30:00 MSK 2026: Новых сделок нет
Tue Feb 24 12:45:00 MSK 2026: Новых сделок нет
Tue Feb 24 13:00:00 MSK 2026: Новых сделок нет
Tue Feb 24 13:15:01 MSK 2026: Найдено новых сделок: 1
Отправляю уведомление о сделке #11017: Исходящий вызов 79102761599
Tue Feb 24 13:15:02 MSK 2026: Обновлён last ID: 11017
Tue Feb 24 13:30:00 MSK 2026: Найдено новых сделок: 1
Отправляю уведомление о сделке #11019: Bogdan Demin - OnlineTur+
Tue Feb 24 13:30:02 MSK 2026: Обновлён last ID: 11019
Tue Feb 24 13:45:00 MSK 2026: Новых сделок нет
Tue Feb 24 14:00:01 MSK 2026: Найдено новых сделок: 1
Отправляю уведомление о сделке #11021: Даша Берлизева - OnlineTur+
Tue Feb 24 14:00:02 MSK 2026: Обновлён last ID: 11021
Tue Feb 24 14:15:01 MSK 2026: Новых сделок нет
Tue Feb 24 14:30:01 MSK 2026: Новых сделок нет
Tue Feb 24 14:45:01 MSK 2026: Новых сделок нет
Tue Feb 24 15:00:00 MSK 2026: Новых сделок нет
Tue Feb 24 15:15:01 MSK 2026: Новых сделок нет
Tue Feb 24 15:30:00 MSK 2026: Новых сделок нет
Tue Feb 24 15:45:01 MSK 2026: Новых сделок нет
Tue Feb 24 16:00:01 MSK 2026: Новых сделок нет
Tue Feb 24 16:15:00 MSK 2026: Новых сделок нет
Tue Feb 24 16:30:01 MSK 2026: Новых сделок нет
Tue Feb 24 16:45:01 MSK 2026: Новых сделок нет
Tue Feb 24 17:00:01 MSK 2026: Новых сделок нет
Tue Feb 24 17:15:01 MSK 2026: Новых сделок нет
Tue Feb 24 17:30:01 MSK 2026: Найдено новых сделок: 1
Отправляю уведомление о сделке #11023: Анастасия Киктенко - OnlineTur+
Tue Feb 24 17:30:02 MSK 2026: Обновлён last ID: 11023
Tue Feb 24 17:45:01 MSK 2026: Новых сделок нет
Tue Feb 24 18:00:00 MSK 2026: Новых сделок нет
Tue Feb 24 18:15:01 MSK 2026: Новых сделок нет
Tue Feb 24 18:30:01 MSK 2026: Новых сделок нет
Tue Feb 24 18:45:01 MSK 2026: Новых сделок нет
Tue Feb 24 19:00:01 MSK 2026: Новых сделок нет
Tue Feb 24 19:15:00 MSK 2026: Новых сделок нет
Tue Feb 24 19:30:00 MSK 2026: Новых сделок нет
Tue Feb 24 19:45:00 MSK 2026: Новых сделок нет
Tue Feb 24 20:00:00 MSK 2026: Новых сделок нет
Tue Feb 24 20:15:00 MSK 2026: Новых сделок нет
Tue Feb 24 20:30:01 MSK 2026: Новых сделок нет
Tue Feb 24 20:45:01 MSK 2026: Новых сделок нет
Tue Feb 24 21:00:01 MSK 2026: Новых сделок нет
Tue Feb 24 21:15:01 MSK 2026: Новых сделок нет
Tue Feb 24 21:30:00 MSK 2026: Новых сделок нет
Tue Feb 24 21:45:00 MSK 2026: Новых сделок нет
Tue Feb 24 22:00:00 MSK 2026: Новых сделок нет
Tue Feb 24 22:15:01 MSK 2026: Новых сделок нет
Tue Feb 24 22:30:01 MSK 2026: Новых сделок нет
Tue Feb 24 22:45:00 MSK 2026: Новых сделок нет
Tue Feb 24 23:00:01 MSK 2026: Новых сделок нет
Tue Feb 24 23:15:00 MSK 2026: Новых сделок нет
Tue Feb 24 23:30:01 MSK 2026: Новых сделок нет
Tue Feb 24 23:45:01 MSK 2026: Новых сделок нет
Wed Feb 25 00:00:04 MSK 2026: Новых сделок нет
Wed Feb 25 00:15:00 MSK 2026: Новых сделок нет
Wed Feb 25 00:30:00 MSK 2026: Новых сделок нет
Wed Feb 25 00:45:00 MSK 2026: Новых сделок нет
Wed Feb 25 01:00:00 MSK 2026: Новых сделок нет
Wed Feb 25 01:15:01 MSK 2026: Новых сделок нет
Wed Feb 25 01:30:00 MSK 2026: Новых сделок нет
Wed Feb 25 01:45:01 MSK 2026: Новых сделок нет
Wed Feb 25 02:00:01 MSK 2026: Новых сделок нет
Wed Feb 25 02:15:00 MSK 2026: Новых сделок нет
Wed Feb 25 02:30:01 MSK 2026: Новых сделок нет
Wed Feb 25 02:45:00 MSK 2026: Новых сделок нет
Wed Feb 25 03:00:01 MSK 2026: Новых сделок нет
Wed Feb 25 03:15:00 MSK 2026: Новых сделок нет
Wed Feb 25 03:30:00 MSK 2026: Новых сделок нет
Wed Feb 25 03:45:01 MSK 2026: Новых сделок нет
Wed Feb 25 04:00:00 MSK 2026: Новых сделок нет
Wed Feb 25 04:15:01 MSK 2026: Новых сделок нет
Wed Feb 25 04:30:01 MSK 2026: Новых сделок нет
Wed Feb 25 04:45:00 MSK 2026: Новых сделок нет
Wed Feb 25 05:00:00 MSK 2026: Новых сделок нет
Wed Feb 25 05:15:01 MSK 2026: Новых сделок нет
Wed Feb 25 05:30:00 MSK 2026: Новых сделок нет
Wed Feb 25 05:45:00 MSK 2026: Новых сделок нет
Wed Feb 25 06:00:01 MSK 2026: Новых сделок нет
Wed Feb 25 06:15:01 MSK 2026: Новых сделок нет
Wed Feb 25 06:30:01 MSK 2026: Новых сделок нет
Wed Feb 25 06:45:00 MSK 2026: Новых сделок нет
Wed Feb 25 07:00:00 MSK 2026: Новых сделок нет
Wed Feb 25 07:15:00 MSK 2026: Новых сделок нет
Wed Feb 25 07:30:01 MSK 2026: Новых сделок нет
Wed Feb 25 07:45:00 MSK 2026: Новых сделок нет
Wed Feb 25 08:00:00 MSK 2026: Новых сделок нет
Wed Feb 25 08:15:01 MSK 2026: Новых сделок нет
Wed Feb 25 08:30:01 MSK 2026: Новых сделок нет
Wed Feb 25 08:45:01 MSK 2026: Новых сделок нет
Wed Feb 25 09:00:01 MSK 2026: Новых сделок нет
Wed Feb 25 09:15:01 MSK 2026: Новых сделок нет
Wed Feb 25 09:30:01 MSK 2026: Новых сделок нет
Wed Feb 25 09:45:13 MSK 2026: Новых сделок нет
Wed Feb 25 10:00:00 MSK 2026: Новых сделок нет
Wed Feb 25 10:15:01 MSK 2026: Новых сделок нет
Wed Feb 25 10:30:02 MSK 2026: Новых сделок нет
Wed Feb 25 10:45:01 MSK 2026: Новых сделок нет
Wed Feb 25 11:00:01 MSK 2026: Новых сделок нет
Wed Feb 25 11:15:01 MSK 2026: Новых сделок нет
Wed Feb 25 11:30:00 MSK 2026: Новых сделок нет
Wed Feb 25 11:45:00 MSK 2026: Новых сделок нет
Wed Feb 25 12:00:00 MSK 2026: Новых сделок нет
Wed Feb 25 12:15:00 MSK 2026: Новых сделок нет
Wed Feb 25 12:30:00 MSK 2026: Новых сделок нет
Wed Feb 25 12:45:02 MSK 2026: Новых сделок нет
Wed Feb 25 13:00:00 MSK 2026: Новых сделок нет
Wed Feb 25 13:15:01 MSK 2026: Новых сделок нет
Wed Feb 25 13:30:01 MSK 2026: Новых сделок нет
Wed Feb 25 13:45:01 MSK 2026: Новых сделок нет
Wed Feb 25 14:00:00 MSK 2026: Новых сделок нет
Wed Feb 25 14:15:00 MSK 2026: Новых сделок нет
Wed Feb 25 14:30:00 MSK 2026: Новых сделок нет
Wed Feb 25 14:45:01 MSK 2026: Новых сделок нет
Wed Feb 25 15:00:01 MSK 2026: Найдено новых сделок: 3
Отправляю уведомление о сделке #11025: Анна Бондарева - OnlineTur+
Отправляю уведомление о сделке #11027: Даша Берлизева - OnlineTur+
Отправляю уведомление о сделке #11029: Екатерина Гуляева - Открытая линия OnlineTurPlus
Wed Feb 25 15:00:04 MSK 2026: Обновлён last ID: 11029
Wed Feb 25 15:15:00 MSK 2026: Найдено новых сделок: 1
Отправляю уведомление о сделке #11031: Диана Шуваева - Открытая линия OnlineTurPlus
Wed Feb 25 15:15:01 MSK 2026: Обновлён last ID: 11031
Wed Feb 25 15:30:01 MSK 2026: Новых сделок нет
Wed Feb 25 15:45:01 MSK 2026: Новых сделок нет
Wed Feb 25 16:00:00 MSK 2026: Новых сделок нет
Wed Feb 25 16:15:01 MSK 2026: Новых сделок нет
Wed Feb 25 16:30:00 MSK 2026: Новых сделок нет
Wed Feb 25 16:45:00 MSK 2026: Новых сделок нет
Wed Feb 25 17:00:01 MSK 2026: Новых сделок нет
Wed Feb 25 17:15:01 MSK 2026: Найдено новых сделок: 1
Отправляю уведомление о сделке #11033: Мария Полянская - OnlineTur+
Wed Feb 25 17:15:02 MSK 2026: Обновлён last ID: 11033
Wed Feb 25 17:30:00 MSK 2026: Новых сделок нет
Wed Feb 25 17:45:00 MSK 2026: Новых сделок нет
Wed Feb 25 18:00:01 MSK 2026: Новых сделок нет
Wed Feb 25 18:15:00 MSK 2026: Новых сделок нет
Wed Feb 25 18:30:01 MSK 2026: Новых сделок нет
Wed Feb 25 18:45:00 MSK 2026: Новых сделок нет
Wed Feb 25 19:00:00 MSK 2026: Новых сделок нет
Wed Feb 25 19:15:01 MSK 2026: Новых сделок нет
Wed Feb 25 19:30:01 MSK 2026: Новых сделок нет
Wed Feb 25 19:45:30 MSK 2026: Новых сделок нет
Wed Feb 25 20:00:01 MSK 2026: Новых сделок нет
Wed Feb 25 20:15:00 MSK 2026: Новых сделок нет
Wed Feb 25 20:30:00 MSK 2026: Новых сделок нет
Wed Feb 25 20:45:01 MSK 2026: Новых сделок нет
Wed Feb 25 21:00:01 MSK 2026: Новых сделок нет
Wed Feb 25 21:15:01 MSK 2026: Новых сделок нет
Wed Feb 25 21:30:00 MSK 2026: Новых сделок нет
Wed Feb 25 21:45:00 MSK 2026: Новых сделок нет
Wed Feb 25 22:00:00 MSK 2026: Новых сделок нет
Wed Feb 25 22:15:01 MSK 2026: Новых сделок нет
Wed Feb 25 22:30:01 MSK 2026: Новых сделок нет
Wed Feb 25 22:45:01 MSK 2026: Новых сделок нет
Wed Feb 25 23:00:01 MSK 2026: Новых сделок нет
Wed Feb 25 23:15:00 MSK 2026: Новых сделок нет
Wed Feb 25 23:30:00 MSK 2026: Новых сделок нет
Wed Feb 25 23:45:04 MSK 2026: Новых сделок нет
Thu Feb 26 00:00:04 MSK 2026: Новых сделок нет
Thu Feb 26 00:15:01 MSK 2026: Найдено новых сделок: 1
Отправляю уведомление о сделке #11035: Инна Каплина - Открытая линия OnlineTurPlus
Thu Feb 26 00:15:02 MSK 2026: Обновлён last ID: 11035
Thu Feb 26 00:30:01 MSK 2026: Новых сделок нет
Thu Feb 26 00:45:01 MSK 2026: Новых сделок нет
Thu Feb 26 01:00:01 MSK 2026: Новых сделок нет
Thu Feb 26 01:15:01 MSK 2026: Новых сделок нет
Thu Feb 26 01:30:01 MSK 2026: Новых сделок нет
Thu Feb 26 01:45:00 MSK 2026: Новых сделок нет
Thu Feb 26 02:00:00 MSK 2026: Новых сделок нет
Thu Feb 26 02:15:00 MSK 2026: Новых сделок нет
Thu Feb 26 02:30:00 MSK 2026: Новых сделок нет
Thu Feb 26 02:45:00 MSK 2026: Новых сделок нет
Thu Feb 26 03:00:00 MSK 2026: Новых сделок нет
